Component: ARM Compiler 5.06 update 6 (build 750) Tool: armlink [4d35ed]

==============================================================================

Section Cross References

    startup.o(STACK) refers (Special) to heapauxi.o(.text) for __use_two_region_memory
    startup.o(HEAP) refers (Special) to heapauxi.o(.text) for __use_two_region_memory
    startup.o(RESET) refers (Special) to heapauxi.o(.text) for __use_two_region_memory
    startup.o(RESET) refers to portasm.o(PORT_ASM) for vPortYieldProcessor
    startup.o(RESET) refers to startup.o(STACK) for Stack_Top
    startup.o(RESET) refers to __main.o(!!!main) for __main
    startup.o(.text) refers (Special) to heapauxi.o(.text) for __use_two_region_memory
    startup.o(.text) refers to startup.o(HEAP) for Heap_Mem
    startup.o(.text) refers to startup.o(STACK) for Stack_Mem
    serialisr.o(.text) refers to port.o(.data) for ulCriticalNesting
    serialisr.o(.text) refers to tasks.o(.data) for pxCurrentTCB
    serialisr.o(.text) refers to serial.o(.text) for vUART_ISRHandler
    gpio.o(.text) refers to gpio_cfg.o(.data) for PinConfig_array
    main.o(.text) refers to tasks.o(.text) for xTaskGetTickCount
    main.o(.text) refers to gpio.o(.text) for GPIO_read
    main.o(.text) refers to queue.o(.text) for xQueueGenericSend
    main.o(.text) refers to serial.o(.text) for vSerialPutString
    main.o(.text) refers to main.o(.data) for Buttom_Prev_States
    serial.o(.text) refers to aeabi_sdiv.o(.text_udiv) for __aeabi_uidivmod
    serial.o(.text) refers to serialisr.o(.text) for vUART_ISREntry
    serial.o(.text) refers to serial.o(.data) for isNewCharAvailable
    serial.o(.text) refers to serial.o(.bss) for txBuffer
    tasks.o(.text) refers to _printf_percent.o(.ARM.Collect$$_printf_percent$$00000000) for _printf_percent
    tasks.o(.text) refers to _printf_u.o(.ARM.Collect$$_printf_percent$$0000000A) for _printf_u
    tasks.o(.text) refers to _printf_c.o(.ARM.Collect$$_printf_percent$$00000013) for _printf_c
    tasks.o(.text) refers to _printf_dec.o(.text) for _printf_int_dec
    tasks.o(.text) refers to _printf_str.o(.text) for _printf_str
    tasks.o(.text) refers to list.o(.text) for vListInitialise
    tasks.o(.text) refers to port.o(.text) for vPortEnterCritical
    tasks.o(.text) refers to portasm.o(PORT_ASM) for vPortYield
    tasks.o(.text) refers to aeabi_memset.o(.text) for __aeabi_memset
    tasks.o(.text) refers to heap_2.o(.text) for pvPortMalloc
    tasks.o(.text) refers to main.o(.text) for vApplicationTickHook
    tasks.o(.text) refers to gpio.o(.text) for GPIO_write
    tasks.o(.text) refers to tasks.o(.bss) for pxReadyTasksLists
    tasks.o(.text) refers to tasks.o(.data) for pxDelayedTaskList
    tasks.o(.text) refers to strcpy.o(.text) for strcpy
    tasks.o(.text) refers to strlen.o(.text) for strlen
    tasks.o(.text) refers to noretval__2sprintf.o(.text) for __2sprintf
    tasks.o(.text) refers to aeabi_sdiv.o(.text_udiv) for __aeabi_uidivmod
    queue.o(.text) refers to aeabi_sdiv.o(.text_udiv) for __aeabi_uidivmod
    queue.o(.text) refers to port.o(.text) for vPortEnterCritical
    queue.o(.text) refers to tasks.o(.text) for xTaskRemoveFromEventList
    queue.o(.text) refers to portasm.o(PORT_ASM) for vPortYield
    queue.o(.text) refers to list.o(.text) for vListInitialise
    queue.o(.text) refers to heap_2.o(.text) for pvPortMalloc
    queue.o(.text) refers to rt_memcpy.o(.text) for __aeabi_memcpy
    port.o(.text) refers to portasm.o(PORT_ASM) for vPortStartFirstTask
    port.o(.text) refers to port.o(.data) for ulCriticalNesting
    heap_2.o(.text) refers to tasks.o(.text) for vTaskSuspendAll
    heap_2.o(.text) refers to heap_2.o(.bss) for ucHeap
    heap_2.o(.text) refers to heap_2.o(.data) for xStart
    portasm.o(PORT_ASM) refers to tasks.o(.data) for pxCurrentTCB
    portasm.o(PORT_ASM) refers to port.o(.data) for ulCriticalNesting
    portasm.o(PORT_ASM) refers to tasks.o(.text) for vTaskSwitchContext
    __2sprintf.o(.text) refers to _printf_char_common.o(.text) for _printf_char_common
    __2sprintf.o(.text) refers to _sputc.o(.text) for _sputc
    noretval__2sprintf.o(.text) refers to _printf_char_common.o(.text) for _printf_char_common
    noretval__2sprintf.o(.text) refers to _sputc.o(.text) for _sputc
    __printf.o(.text) refers to __printf.o(i.__ARM_common_call_via_r1) for __ARM_common_call_via_r1
    __printf.o(.text) refers to _printf_percent.o(.ARM.Collect$$_printf_percent$$00000000) for _printf_percent
    __printf.o(.text) refers to __printf.o(i.__ARM_common_call_via_r2) for __ARM_common_call_via_r2
    _printf_str.o(.text) refers (Special) to _printf_char.o(.text) for _printf_cs_common
    _printf_str.o(.text) refers to __printf.o(i.__ARM_common_call_via_r2) for __ARM_common_call_via_r2
    _printf_dec.o(.text) refers to rtudiv10.o(.text) for __rt_udiv10
    _printf_dec.o(.text) refers to _printf_intcommon.o(.text) for _printf_int_common
    __printf_flags.o(.text) refers to __printf.o(i.__ARM_common_call_via_r1) for __ARM_common_call_via_r1
    __printf_flags.o(.text) refers to _printf_percent.o(.ARM.Collect$$_printf_percent$$00000000) for _printf_percent
    __printf_flags.o(.text) refers to __printf.o(i.__ARM_common_call_via_r2) for __ARM_common_call_via_r2
    __printf_flags.o(.text) refers to __printf_flags.o(.constdata) for .constdata
    __printf_ss.o(.text) refers to __printf.o(i.__ARM_common_call_via_r1) for __ARM_common_call_via_r1
    __printf_ss.o(.text) refers to _printf_percent.o(.ARM.Collect$$_printf_percent$$00000000) for _printf_percent
    __printf_ss.o(.text) refers to __printf.o(i.__ARM_common_call_via_r2) for __ARM_common_call_via_r2
    __printf_flags_ss.o(.text) refers to __printf.o(i.__ARM_common_call_via_r1) for __ARM_common_call_via_r1
    __printf_flags_ss.o(.text) refers to _printf_percent.o(.ARM.Collect$$_printf_percent$$00000000) for _printf_percent
    __printf_flags_ss.o(.text) refers to __printf.o(i.__ARM_common_call_via_r2) for __ARM_common_call_via_r2
    __printf_flags_ss.o(.text) refers to __printf_flags_ss.o(.constdata) for .constdata
    __printf_wp.o(.text) refers to __printf.o(i.__ARM_common_call_via_r1) for __ARM_common_call_via_r1
    __printf_wp.o(.text) refers to __printf_wp.o(i._is_digit) for _is_digit
    __printf_wp.o(.text) refers to _printf_percent.o(.ARM.Collect$$_printf_percent$$00000000) for _printf_percent
    __printf_wp.o(.text) refers to __printf.o(i.__ARM_common_call_via_r2) for __ARM_common_call_via_r2
    __printf_flags_wp.o(.text) refers to __printf.o(i.__ARM_common_call_via_r1) for __ARM_common_call_via_r1
    __printf_flags_wp.o(.text) refers to __printf_wp.o(i._is_digit) for _is_digit
    __printf_flags_wp.o(.text) refers to _printf_percent.o(.ARM.Collect$$_printf_percent$$00000000) for _printf_percent
    __printf_flags_wp.o(.text) refers to __printf.o(i.__ARM_common_call_via_r2) for __ARM_common_call_via_r2
    __printf_flags_wp.o(.text) refers to __printf_flags_wp.o(.constdata) for .constdata
    __printf_ss_wp.o(.text) refers to __printf.o(i.__ARM_common_call_via_r1) for __ARM_common_call_via_r1
    __printf_ss_wp.o(.text) refers to __printf_wp.o(i._is_digit) for _is_digit
    __printf_ss_wp.o(.text) refers to _printf_percent.o(.ARM.Collect$$_printf_percent$$00000000) for _printf_percent
    __printf_ss_wp.o(.text) refers to __printf.o(i.__ARM_common_call_via_r2) for __ARM_common_call_via_r2
    __printf_flags_ss_wp.o(.text) refers to __printf.o(i.__ARM_common_call_via_r1) for __ARM_common_call_via_r1
    __printf_flags_ss_wp.o(.text) refers to __printf_wp.o(i._is_digit) for _is_digit
    __printf_flags_ss_wp.o(.text) refers to _printf_percent.o(.ARM.Collect$$_printf_percent$$00000000) for _printf_percent
    __printf_flags_ss_wp.o(.text) refers to __printf.o(i.__ARM_common_call_via_r2) for __ARM_common_call_via_r2
    __printf_flags_ss_wp.o(.text) refers to __printf_flags_ss_wp.o(.constdata) for .constdata
    _printf_c.o(.ARM.Collect$$_printf_percent$$00000013) refers (Weak) to _printf_char.o(.text) for _printf_char
    _printf_u.o(.ARM.Collect$$_printf_percent$$0000000A) refers (Weak) to _printf_dec.o(.text) for _printf_int_dec
    _printf_percent.o(.ARM.Collect$$_printf_percent$$00000000) refers (Special) to _printf_percent_end.o(.ARM.Collect$$_printf_percent$$00000017) for _printf_percent_end
    rt_memcpy.o(.text) refers to rt_memcpy_w.o(.text) for __aeabi_memcpy4
    aeabi_memset.o(.text) refers to rt_memclr.o(.text) for _memset
    aeabi_sdiv.o(.text_udiv) refers to aeabi_sdiv.o(.text) for __arm_div2
    aeabi_sdiv_div0.o(.text_udiv) refers to aeabi_sdiv_div0.o(.text) for __arm_div2
    __main.o(!!!main) refers to __rtentry.o(.ARM.Collect$$rtentry$$00000000) for __rt_entry
    __rtentry.o(.ARM.Collect$$rtentry$$00000000) refers (Special) to __rtentry2.o(.ARM.Collect$$rtentry$$0000000A) for __rt_entry_li
    __rtentry.o(.ARM.Collect$$rtentry$$00000000) refers (Special) to __rtentry2.o(.ARM.Collect$$rtentry$$0000000D) for __rt_entry_main
    __rtentry.o(.ARM.Collect$$rtentry$$00000000) refers (Special) to __rtentry2.o(.ARM.Collect$$rtentry$$0000000C) for __rt_entry_postli_1
    __rtentry.o(.ARM.Collect$$rtentry$$00000000) refers (Special) to __rtentry2.o(.ARM.Collect$$rtentry$$00000009) for __rt_entry_postsh_1
    __rtentry.o(.ARM.Collect$$rtentry$$00000000) refers (Special) to __rtentry2.o(.ARM.Collect$$rtentry$$00000002) for __rt_entry_presh_1
    __rtentry.o(.ARM.Collect$$rtentry$$00000000) refers (Special) to __rtentry4.o(.ARM.Collect$$rtentry$$00000004) for __rt_entry_sh
    aeabi_idiv0_sigfpe.o(.text) refers to rt_div0.o(.text) for __rt_div0
    _printf_intcommon.o(.text) refers to __printf.o(i.__ARM_common_call_via_r2) for __ARM_common_call_via_r2
    _printf_char_common.o(.text) refers to __printf.o(.text) for __printf
    _printf_char.o(.text) refers (Weak) to _printf_str.o(.text) for _printf_str
    rt_memclr.o(.text) refers to rt_memclr_w.o(.text) for _memset_w
    __rtentry2.o(.ARM.Collect$$rtentry$$00000008) refers to boardinit2.o(.text) for _platform_post_stackheap_init
    __rtentry2.o(.ARM.Collect$$rtentry$$0000000A) refers to libinit.o(.ARM.Collect$$libinit$$00000000) for __rt_lib_init
    __rtentry2.o(.ARM.Collect$$rtentry$$0000000B) refers to boardinit3.o(.text) for _platform_post_lib_init
    __rtentry2.o(.ARM.Collect$$rtentry$$0000000D) refers to exit.o(.text) for exit
    __rtentry2.o(.ARM.Collect$$rtentry$$0000000D) refers to main.o(.text) for main
    __rtentry2.o(.ARM.exidx) refers to __rtentry2.o(.ARM.Collect$$rtentry$$00000001) for .ARM.Collect$$rtentry$$00000001
    __rtentry2.o(.ARM.exidx) refers to __rtentry2.o(.ARM.Collect$$rtentry$$00000008) for .ARM.Collect$$rtentry$$00000008
    __rtentry2.o(.ARM.exidx) refers to __rtentry2.o(.ARM.Collect$$rtentry$$0000000A) for .ARM.Collect$$rtentry$$0000000A
    __rtentry2.o(.ARM.exidx) refers to __rtentry2.o(.ARM.Collect$$rtentry$$0000000B) for .ARM.Collect$$rtentry$$0000000B
    __rtentry2.o(.ARM.exidx) refers to __rtentry2.o(.ARM.Collect$$rtentry$$0000000D) for .ARM.Collect$$rtentry$$0000000D
    __rtentry4.o(.ARM.Collect$$rtentry$$00000004) refers to sys_stackheap_outer.o(.text) for __user_setup_stackheap
    __rtentry4.o(.ARM.exidx) refers to __rtentry4.o(.ARM.Collect$$rtentry$$00000004) for .ARM.Collect$$rtentry$$00000004
    rt_div0.o(.text) refers to defsig_fpe_outer.o(.text) for __rt_SIGFPE
    __printf_nopercent.o(.text) refers to __printf_nopercent.o(i.__ARM_common_call_via_r7) for __ARM_common_call_via_r7
    __printf_nopercent.o(.text) refers to __printf_nopercent.o(i.__ARM_common_call_via_r5) for __ARM_common_call_via_r5
    sys_stackheap_outer.o(.text) refers to libspace.o(.text) for __user_perproc_libspace
    sys_stackheap_outer.o(.text) refers to startup.o(.text) for __user_initial_stackheap
    exit.o(.text) refers to rtexit.o(.ARM.Collect$$rtexit$$00000000) for __rt_exit
    defsig_fpe_outer.o(.text) refers to defsig_fpe_inner.o(.text) for __rt_SIGFPE_inner
    defsig_fpe_outer.o(.text) refers to defsig_exit.o(.text) for __sig_exit
    defsig_fpe_formal.o(.text) refers to rt_raise.o(.text) for __rt_raise
    libinit.o(.ARM.Collect$$libinit$$00000000) refers (Special) to libinit2.o(.ARM.Collect$$libinit$$0000002E) for __rt_lib_init_alloca_1
    libinit.o(.ARM.Collect$$libinit$$00000000) refers (Special) to libinit2.o(.ARM.Collect$$libinit$$0000002C) for __rt_lib_init_argv_1
    libinit.o(.ARM.Collect$$libinit$$00000000) refers (Special) to libinit2.o(.ARM.Collect$$libinit$$0000001B) for __rt_lib_init_atexit_1
    libinit.o(.ARM.Collect$$libinit$$00000000) refers (Special) to libinit2.o(.ARM.Collect$$libinit$$00000021) for __rt_lib_init_clock_1
    libinit.o(.ARM.Collect$$libinit$$00000000) refers (Special) to libinit2.o(.ARM.Collect$$libinit$$00000032) for __rt_lib_init_cpp_1
    libinit.o(.ARM.Collect$$libinit$$00000000) refers (Special) to libinit2.o(.ARM.Collect$$libinit$$00000030) for __rt_lib_init_exceptions_1
    libinit.o(.ARM.Collect$$libinit$$00000000) refers (Special) to libinit2.o(.ARM.Collect$$libinit$$00000002) for __rt_lib_init_fp_1
    libinit.o(.ARM.Collect$$libinit$$00000000) refers (Special) to libinit2.o(.ARM.Collect$$libinit$$0000001F) for __rt_lib_init_fp_trap_1
    libinit.o(.ARM.Collect$$libinit$$00000000) refers (Special) to libinit2.o(.ARM.Collect$$libinit$$00000023) for __rt_lib_init_getenv_1
    libinit.o(.ARM.Collect$$libinit$$00000000) refers (Special) to libinit2.o(.ARM.Collect$$libinit$$0000000A) for __rt_lib_init_heap_1
    libinit.o(.ARM.Collect$$libinit$$00000000) refers (Special) to libinit2.o(.ARM.Collect$$libinit$$00000011) for __rt_lib_init_lc_collate_1
    libinit.o(.ARM.Collect$$libinit$$00000000) refers (Special) to libinit2.o(.ARM.Collect$$libinit$$00000013) for __rt_lib_init_lc_ctype_1
    libinit.o(.ARM.Collect$$libinit$$00000000) refers (Special) to libinit2.o(.ARM.Collect$$libinit$$00000015) for __rt_lib_init_lc_monetary_1
    libinit.o(.ARM.Collect$$libinit$$00000000) refers (Special) to libinit2.o(.ARM.Collect$$libinit$$00000017) for __rt_lib_init_lc_numeric_1
    libinit.o(.ARM.Collect$$libinit$$00000000) refers (Special) to libinit2.o(.ARM.Collect$$libinit$$00000019) for __rt_lib_init_lc_time_1
    libinit.o(.ARM.Collect$$libinit$$00000000) refers (Special) to libinit2.o(.ARM.Collect$$libinit$$00000004) for __rt_lib_init_preinit_1
    libinit.o(.ARM.Collect$$libinit$$00000000) refers (Special) to libinit2.o(.ARM.Collect$$libinit$$0000000E) for __rt_lib_init_rand_1
    libinit.o(.ARM.Collect$$libinit$$00000000) refers (Special) to libinit2.o(.ARM.Collect$$libinit$$00000033) for __rt_lib_init_return
    libinit.o(.ARM.Collect$$libinit$$00000000) refers (Special) to libinit2.o(.ARM.Collect$$libinit$$0000001D) for __rt_lib_init_signal_1
    libinit.o(.ARM.Collect$$libinit$$00000000) refers (Special) to libinit2.o(.ARM.Collect$$libinit$$00000025) for __rt_lib_init_stdio_1
    libinit.o(.ARM.Collect$$libinit$$00000000) refers (Special) to libinit2.o(.ARM.Collect$$libinit$$0000000C) for __rt_lib_init_user_alloc_1
    libspace.o(.text) refers to libspace.o(.bss) for __libspace_start
    rtexit.o(.ARM.Collect$$rtexit$$00000000) refers (Special) to rtexit2.o(.ARM.Collect$$rtexit$$00000004) for __rt_exit_exit
    rtexit.o(.ARM.Collect$$rtexit$$00000000) refers (Special) to rtexit2.o(.ARM.Collect$$rtexit$$00000003) for __rt_exit_ls
    rtexit.o(.ARM.Collect$$rtexit$$00000000) refers (Special) to rtexit2.o(.ARM.Collect$$rtexit$$00000002) for __rt_exit_prels_1
    rtexit.o(.ARM.exidx) refers (Special) to rtexit2.o(.ARM.Collect$$rtexit$$00000004) for __rt_exit_exit
    rtexit.o(.ARM.exidx) refers (Special) to rtexit2.o(.ARM.Collect$$rtexit$$00000003) for __rt_exit_ls
    rtexit.o(.ARM.exidx) refers (Special) to rtexit2.o(.ARM.Collect$$rtexit$$00000002) for __rt_exit_prels_1
    rtexit.o(.ARM.exidx) refers to rtexit.o(.ARM.Collect$$rtexit$$00000000) for .ARM.Collect$$rtexit$$00000000
    rt_raise.o(.text) refers to __raise.o(.text) for __raise
    rt_raise.o(.text) refers to sys_exit.o(.text) for _sys_exit
    defsig_exit.o(.text) refers to sys_exit.o(.text) for _sys_exit
    defsig_fpe_inner.o(.text) refers to defsig_general.o(.text) for __default_signal_display
    libinit2.o(.ARM.Collect$$libinit$$00000001) refers to fpinit.o(x$fpl$fpinit) for _fp_init
    libinit2.o(.ARM.Collect$$libinit$$00000010) refers to libinit2.o(.ARM.Collect$$libinit$$0000000F) for .ARM.Collect$$libinit$$0000000F
    libinit2.o(.ARM.Collect$$libinit$$00000012) refers to libinit2.o(.ARM.Collect$$libinit$$0000000F) for .ARM.Collect$$libinit$$0000000F
    libinit2.o(.ARM.Collect$$libinit$$00000014) refers to libinit2.o(.ARM.Collect$$libinit$$0000000F) for .ARM.Collect$$libinit$$0000000F
    libinit2.o(.ARM.Collect$$libinit$$00000016) refers to libinit2.o(.ARM.Collect$$libinit$$0000000F) for .ARM.Collect$$libinit$$0000000F
    libinit2.o(.ARM.Collect$$libinit$$00000018) refers to libinit2.o(.ARM.Collect$$libinit$$0000000F) for .ARM.Collect$$libinit$$0000000F
    libinit2.o(.ARM.Collect$$libinit$$00000026) refers to argv_veneer.o(.emb_text) for __ARM_argv_veneer
    libinit2.o(.ARM.Collect$$libinit$$00000027) refers to argv_veneer.o(.emb_text) for __ARM_argv_veneer
    sys_exit.o(.text) refers (Special) to use_no_semi.o(.text) for __I$use$semihosting
    sys_exit.o(.text) refers (Special) to indicate_semi.o(.text) for __semihosting_library_function
    rtexit2.o(.ARM.Collect$$rtexit$$00000003) refers to libshutdown.o(.ARM.Collect$$libshutdown$$00000000) for __rt_lib_shutdown
    rtexit2.o(.ARM.Collect$$rtexit$$00000004) refers to sys_exit.o(.text) for _sys_exit
    rtexit2.o(.ARM.exidx) refers to rtexit2.o(.ARM.Collect$$rtexit$$00000001) for .ARM.Collect$$rtexit$$00000001
    rtexit2.o(.ARM.exidx) refers to rtexit2.o(.ARM.Collect$$rtexit$$00000003) for .ARM.Collect$$rtexit$$00000003
    rtexit2.o(.ARM.exidx) refers to rtexit2.o(.ARM.Collect$$rtexit$$00000004) for .ARM.Collect$$rtexit$$00000004
    __raise.o(.text) refers to __printf.o(i.__ARM_common_call_via_r2) for __ARM_common_call_via_r2
    __raise.o(.text) refers to defsig.o(CL$$defsig) for __default_signal_handler
    defsig_general.o(.text) refers to sys_wrch.o(.text) for _ttywrch
    argv_veneer.o(.emb_text) refers to no_argv.o(.text) for __ARM_get_argv
    sys_wrch.o(.text) refers (Special) to use_no_semi.o(.text) for __I$use$semihosting
    sys_wrch.o(.text) refers (Special) to indicate_semi.o(.text) for __semihosting_library_function
    defsig.o(CL$$defsig) refers to defsig_fpe_inner.o(.text) for __rt_SIGFPE_inner
    defsig.o(CL$$defsig) refers to defsig_rtmem_inner.o(.text) for __rt_SIGRTMEM_inner
    _get_argv_nomalloc.o(.text) refers (Special) to hrguard.o(.text) for __heap_region$guard
    _get_argv_nomalloc.o(.text) refers to defsig_rtmem_outer.o(.text) for __rt_SIGRTMEM
    _get_argv_nomalloc.o(.text) refers to sys_command.o(.text) for _sys_command_string
    libshutdown.o(.ARM.Collect$$libshutdown$$00000000) refers (Special) to libshutdown2.o(.ARM.Collect$$libshutdown$$00000002) for __rt_lib_shutdown_cpp_1
    libshutdown.o(.ARM.Collect$$libshutdown$$00000000) refers (Special) to libshutdown2.o(.ARM.Collect$$libshutdown$$00000007) for __rt_lib_shutdown_fp_trap_1
    libshutdown.o(.ARM.Collect$$libshutdown$$00000000) refers (Special) to libshutdown2.o(.ARM.Collect$$libshutdown$$0000000F) for __rt_lib_shutdown_heap_1
    libshutdown.o(.ARM.Collect$$libshutdown$$00000000) refers (Special) to libshutdown2.o(.ARM.Collect$$libshutdown$$00000010) for __rt_lib_shutdown_return
    libshutdown.o(.ARM.Collect$$libshutdown$$00000000) refers (Special) to libshutdown2.o(.ARM.Collect$$libshutdown$$0000000A) for __rt_lib_shutdown_signal_1
    libshutdown.o(.ARM.Collect$$libshutdown$$00000000) refers (Special) to libshutdown2.o(.ARM.Collect$$libshutdown$$00000004) for __rt_lib_shutdown_stdio_1
    libshutdown.o(.ARM.Collect$$libshutdown$$00000000) refers (Special) to libshutdown2.o(.ARM.Collect$$libshutdown$$0000000C) for __rt_lib_shutdown_user_alloc_1
    sys_command.o(.text) refers (Special) to use_no_semi.o(.text) for __I$use$semihosting
    sys_command.o(.text) refers (Special) to indicate_semi.o(.text) for __semihosting_library_function
    defsig_abrt_inner.o(.text) refers to defsig_general.o(.text) for __default_signal_display
    defsig_rtred_inner.o(.text) refers to defsig_general.o(.text) for __default_signal_display
    defsig_rtmem_inner.o(.text) refers to defsig_general.o(.text) for __default_signal_display
    defsig_rtmem_outer.o(.text) refers to defsig_rtmem_inner.o(.text) for __rt_SIGRTMEM_inner
    defsig_rtmem_outer.o(.text) refers to defsig_exit.o(.text) for __sig_exit
    defsig_rtmem_formal.o(.text) refers to rt_raise.o(.text) for __rt_raise
    defsig_stak_inner.o(.text) refers to defsig_general.o(.text) for __default_signal_display
    defsig_pvfn_inner.o(.text) refers to defsig_general.o(.text) for __default_signal_display
    defsig_cppl_inner.o(.text) refers to defsig_general.o(.text) for __default_signal_display
    defsig_segv_inner.o(.text) refers to defsig_general.o(.text) for __default_signal_display
    defsig_other.o(.text) refers to defsig_general.o(.text) for __default_signal_display


==============================================================================

Removing Unused input sections from the image.

    Removing partest.o(.text), (124 bytes).

1 unused section(s) (total 124 bytes) removed from the image.

==============================================================================

Adding Veneers to the image

    Adding TA veneer (4 bytes, Inline) for call to '_printf_percent' from __printf.o(.text).
    Adding AT veneer (8 bytes, Inline) for call to '__rt_lib_init' from __rtentry2.o(.ARM.Collect$$rtentry$$0000000A).
    Adding AT veneer (8 bytes, Inline) for call to '__rt_lib_shutdown' from rtexit2.o(.ARM.Collect$$rtexit$$00000003).
    Adding TA veneer (4 bytes, Inline) for call to '__rt_exit' from exit.o(.text).
    Adding AT veneer (8 bytes, Inline) for call to '__2sprintf' from tasks.o(.text).
    Adding AT veneer (8 bytes, Inline) for call to '_printf_int_dec' from _printf_u.o(.ARM.Collect$$_printf_percent$$0000000A).
    Adding AT veneer (8 bytes, Inline) for call to 'strcpy' from tasks.o(.text).
    Adding AT veneer (8 bytes, Inline) for call to 'strlen' from tasks.o(.text).
    Adding AT veneer (8 bytes, Inline) for call to '_printf_char' from _printf_c.o(.ARM.Collect$$_printf_percent$$00000013).
    Adding TA veneer (4 bytes, Inline) for call to '__rt_udiv10' from _printf_dec.o(.text).
    Adding AT veneer (8 bytes, Inline) for call to '_sys_exit' from rtexit2.o(.ARM.Collect$$rtexit$$00000004).

11 Veneer(s) (total 76 bytes) added to the image.

==============================================================================

Image Symbol Table

    Local Symbols

    Symbol Name                              Value     Ov Type        Size  Object(Section)

    RESET                                    0x00000000   Section      260  startup.o(RESET)
    ../clib/angel/boardlib.s                 0x00000000   Number         0  boardshut.o ABSOLUTE
    ../clib/angel/boardlib.s                 0x00000000   Number         0  boardinit1.o ABSOLUTE
    ../clib/angel/boardlib.s                 0x00000000   Number         0  boardinit2.o ABSOLUTE
    ../clib/angel/boardlib.s                 0x00000000   Number         0  boardinit3.o ABSOLUTE
    ../clib/angel/handlers.s                 0x00000000   Number         0  __scatter_zi.o ABSOLUTE
    ../clib/angel/handlers.s                 0x00000000   Number         0  __scatter_copy.o ABSOLUTE
    ../clib/angel/kernel.s                   0x00000000   Number         0  rtexit.o ABSOLUTE
    ../clib/angel/kernel.s                   0x00000000   Number         0  __rtentry4.o ABSOLUTE
    ../clib/angel/kernel.s                   0x00000000   Number         0  __rtentry2.o ABSOLUTE
    ../clib/angel/kernel.s                   0x00000000   Number         0  rtexit2.o ABSOLUTE
    ../clib/angel/kernel.s                   0x00000000   Number         0  __rtentry.o ABSOLUTE
    ../clib/angel/rt.s                       0x00000000   Number         0  rt_div0.o ABSOLUTE
    ../clib/angel/rt.s                       0x00000000   Number         0  aeabi_idiv0_sigfpe.o ABSOLUTE
    ../clib/angel/rt.s                       0x00000000   Number         0  aeabi_idiv0.o ABSOLUTE
    ../clib/angel/rt.s                       0x00000000   Number         0  rt_raise.o ABSOLUTE
    ../clib/angel/scatter.s                  0x00000000   Number         0  __scatter.o ABSOLUTE
    ../clib/angel/startup.s                  0x00000000   Number         0  __main.o ABSOLUTE
    ../clib/angel/sys.s                      0x00000000   Number         0  libspace.o ABSOLUTE
    ../clib/angel/sys.s                      0x00000000   Number         0  sys_stackheap_outer.o ABSOLUTE
    ../clib/angel/sys.s                      0x00000000   Number         0  indicate_semi.o ABSOLUTE
    ../clib/angel/sys.s                      0x00000000   Number         0  use_no_semi.o ABSOLUTE
    ../clib/angel/sysapp.c                   0x00000000   Number         0  sys_command.o ABSOLUTE
    ../clib/angel/sysapp.c                   0x00000000   Number         0  sys_exit.o ABSOLUTE
    ../clib/angel/sysapp.c                   0x00000000   Number         0  sys_wrch.o ABSOLUTE
    ../clib/armsys.c                         0x00000000   Number         0  _get_argv_nomalloc.o ABSOLUTE
    ../clib/armsys.c                         0x00000000   Number         0  no_argv.o ABSOLUTE
    ../clib/armsys.c                         0x00000000   Number         0  argv_veneer.o ABSOLUTE
    ../clib/armsys.c                         0x00000000   Number         0  argv_veneer.o ABSOLUTE
    ../clib/division.s                       0x00000000   Number         0  aeabi_sdiv.o ABSOLUTE
    ../clib/division.s                       0x00000000   Number         0  aeabi_sdiv_div0.o ABSOLUTE
    ../clib/division.s                       0x00000000   Number         0  rtudiv10.o ABSOLUTE
    ../clib/divrt.s                          0x00000000   Number         0  divrt_7tdmi_div0.o ABSOLUTE
    ../clib/divrt.s                          0x00000000   Number         0  divrt_7tdmi.o ABSOLUTE
    ../clib/heapalloc.c                      0x00000000   Number         0  hrguard.o ABSOLUTE
    ../clib/heapaux.c                        0x00000000   Number         0  heapauxi.o ABSOLUTE
    ../clib/libinit.s                        0x00000000   Number         0  libinit2.o ABSOLUTE
    ../clib/libinit.s                        0x00000000   Number         0  libshutdown2.o ABSOLUTE
    ../clib/libinit.s                        0x00000000   Number         0  libshutdown.o ABSOLUTE
    ../clib/libinit.s                        0x00000000   Number         0  libinit.o ABSOLUTE
    ../clib/memcpset.s                       0x00000000   Number         0  rt_memcpy.o ABSOLUTE
    ../clib/memcpset.s                       0x00000000   Number         0  rt_memclr_w.o ABSOLUTE
    ../clib/memcpset.s                       0x00000000   Number         0  aeabi_memset.o ABSOLUTE
    ../clib/memcpset.s                       0x00000000   Number         0  rt_memclr.o ABSOLUTE
    ../clib/memcpset.s                       0x00000000   Number         0  rt_memcpy_w.o ABSOLUTE
    ../clib/printf.c                         0x00000000   Number         0  __printf_ss_wp.o ABSOLUTE
    ../clib/printf.c                         0x00000000   Number         0  __printf_flags_ss_wp.o ABSOLUTE
    ../clib/printf.c                         0x00000000   Number         0  __printf_nopercent.o ABSOLUTE
    ../clib/printf.c                         0x00000000   Number         0  _printf_str.o ABSOLUTE
    ../clib/printf.c                         0x00000000   Number         0  _printf_char.o ABSOLUTE
    ../clib/printf.c                         0x00000000   Number         0  _sputc.o ABSOLUTE
    ../clib/printf.c                         0x00000000   Number         0  __2sprintf.o ABSOLUTE
    ../clib/printf.c                         0x00000000   Number         0  noretval__2sprintf.o ABSOLUTE
    ../clib/printf.c                         0x00000000   Number         0  _printf_char_common.o ABSOLUTE
    ../clib/printf.c                         0x00000000   Number         0  __printf.o ABSOLUTE
    ../clib/printf.c                         0x00000000   Number         0  _printf_intcommon.o ABSOLUTE
    ../clib/printf.c                         0x00000000   Number         0  _printf_dec.o ABSOLUTE
    ../clib/printf.c                         0x00000000   Number         0  __printf_flags.o ABSOLUTE
    ../clib/printf.c                         0x00000000   Number         0  __printf_ss.o ABSOLUTE
    ../clib/printf.c                         0x00000000   Number         0  __printf_flags_ss.o ABSOLUTE
    ../clib/printf.c                         0x00000000   Number         0  __printf_wp.o ABSOLUTE
    ../clib/printf.c                         0x00000000   Number         0  __printf_flags_wp.o ABSOLUTE
    ../clib/printf_percent.s                 0x00000000   Number         0  _printf_c.o ABSOLUTE
    ../clib/printf_percent.s                 0x00000000   Number         0  _printf_percent_end.o ABSOLUTE
    ../clib/printf_percent.s                 0x00000000   Number         0  _printf_percent.o ABSOLUTE
    ../clib/printf_percent.s                 0x00000000   Number         0  _printf_u.o ABSOLUTE
    ../clib/signal.c                         0x00000000   Number         0  defsig_general.o ABSOLUTE
    ../clib/signal.c                         0x00000000   Number         0  defsig_rtmem_outer.o ABSOLUTE
    ../clib/signal.c                         0x00000000   Number         0  defsig_rtred_inner.o ABSOLUTE
    ../clib/signal.c                         0x00000000   Number         0  defsig_abrt_inner.o ABSOLUTE
    ../clib/signal.c                         0x00000000   Number         0  defsig_rtmem_inner.o ABSOLUTE
    ../clib/signal.c                         0x00000000   Number         0  defsig_fpe_inner.o ABSOLUTE
    ../clib/signal.c                         0x00000000   Number         0  defsig_exit.o ABSOLUTE
    ../clib/signal.c                         0x00000000   Number         0  defsig_fpe_outer.o ABSOLUTE
    ../clib/signal.c                         0x00000000   Number         0  __raise.o ABSOLUTE
    ../clib/signal.c                         0x00000000   Number         0  defsig_fpe_formal.o ABSOLUTE
    ../clib/signal.c                         0x00000000   Number         0  defsig_other.o ABSOLUTE
    ../clib/signal.c                         0x00000000   Number         0  defsig_segv_inner.o ABSOLUTE
    ../clib/signal.c                         0x00000000   Number         0  defsig_cppl_inner.o ABSOLUTE
    ../clib/signal.c                         0x00000000   Number         0  defsig_pvfn_inner.o ABSOLUTE
    ../clib/signal.c                         0x00000000   Number         0  defsig_stak_inner.o ABSOLUTE
    ../clib/signal.c                         0x00000000   Number         0  defsig_rtmem_formal.o ABSOLUTE
    ../clib/signal.s                         0x00000000   Number         0  defsig.o ABSOLUTE
    ../clib/stdlib.c                         0x00000000   Number         0  exit.o ABSOLUTE
    ../clib/string.c                         0x00000000   Number         0  strlen.o ABSOLUTE
    ../clib/string.c                         0x00000000   Number         0  strcpy.o ABSOLUTE
    ../fplib/fpinit.s                        0x00000000   Number         0  fpinit.o ABSOLUTE
    ..\..\Source\list.c                      0x00000000   Number         0  list.o ABSOLUTE
    ..\..\Source\portable\MemMang\heap_2.c   0x00000000   Number         0  heap_2.o ABSOLUTE
    ..\..\Source\portable\RVDS\ARM7_LPC21xx\port.c 0x00000000   Number         0  port.o ABSOLUTE
    ..\..\Source\portable\RVDS\ARM7_LPC21xx\portASM.s 0x00000000   Number         0  portasm.o ABSOLUTE
    ..\..\Source\queue.c                     0x00000000   Number         0  queue.o ABSOLUTE
    ..\..\Source\tasks.c                     0x00000000   Number         0  tasks.o ABSOLUTE
    D:\EgFWD\RTOS\Starter_Files_V1\source\GPIO.c 0x00000000   Number         0  gpio.o ABSOLUTE
    D:\EgFWD\RTOS\Starter_Files_V1\source\GPIO_cfg.c 0x00000000   Number         0  gpio_cfg.o ABSOLUTE
    D:\EgFWD\RTOS\Starter_Files_V1\source\main.c 0x00000000   Number         0  main.o ABSOLUTE
    D:\EgFWD\RTOS\Starter_Files_V1\source\serial.c 0x00000000   Number         0  serial.o ABSOLUTE
    ParTest\ParTest.c                        0x00000000   Number         0  partest.o ABSOLUTE
    Startup.s                                0x00000000   Number         0  startup.o ABSOLUTE
    dc.s                                     0x00000000   Number         0  dc.o ABSOLUTE
    serial\serialISR.s                       0x00000000   Number         0  serialisr.o ABSOLUTE
    Undef_Handler                            0x00000040   ARM Code       4  startup.o(RESET)
    PAbt_Handler                             0x00000048   ARM Code       4  startup.o(RESET)
    DAbt_Handler                             0x0000004c   ARM Code       4  startup.o(RESET)
    IRQ_Handler                              0x00000050   ARM Code       4  startup.o(RESET)
    FIQ_Handler                              0x00000054   ARM Code       4  startup.o(RESET)
    !!!main                                  0x00000104   Section        8  __main.o(!!!main)
    !!!scatter                               0x0000010c   Section       60  __scatter.o(!!!scatter)
    !!handler_copy                           0x00000148   Section       40  __scatter_copy.o(!!handler_copy)
    !!handler_zi                             0x00000170   Section       44  __scatter_zi.o(!!handler_zi)
    .ARM.Collect$$_printf_percent$$00000000  0x000001a0   Section        0  _printf_percent.o(.ARM.Collect$$_printf_percent$$00000000)
    .ARM.Collect$$_printf_percent$$0000000A  0x000001a0   Section        8  _printf_u.o(.ARM.Collect$$_printf_percent$$0000000A)
    .ARM.Collect$$_printf_percent$$00000013  0x000001a8   Section        8  _printf_c.o(.ARM.Collect$$_printf_percent$$00000013)
    .ARM.Collect$$_printf_percent$$00000017  0x000001b0   Section        8  _printf_percent_end.o(.ARM.Collect$$_printf_percent$$00000017)
    .ARM.Collect$$libinit$$00000000          0x000001c0   Section        2  libinit.o(.ARM.Collect$$libinit$$00000000)
    .ARM.Collect$$libinit$$00000002          0x000001c2   Section        0  libinit2.o(.ARM.Collect$$libinit$$00000002)
    .ARM.Collect$$libinit$$00000004          0x000001c2   Section        0  libinit2.o(.ARM.Collect$$libinit$$00000004)
    .ARM.Collect$$libinit$$0000000A          0x000001c2   Section        0  libinit2.o(.ARM.Collect$$libinit$$0000000A)
    .ARM.Collect$$libinit$$0000000C          0x000001c2   Section        0  libinit2.o(.ARM.Collect$$libinit$$0000000C)
    .ARM.Collect$$libinit$$0000000E          0x000001c2   Section        0  libinit2.o(.ARM.Collect$$libinit$$0000000E)
    .ARM.Collect$$libinit$$00000011          0x000001c2   Section        0  libinit2.o(.ARM.Collect$$libinit$$00000011)
    .ARM.Collect$$libinit$$00000013          0x000001c2   Section        0  libinit2.o(.ARM.Collect$$libinit$$00000013)
    .ARM.Collect$$libinit$$00000015          0x000001c2   Section        0  libinit2.o(.ARM.Collect$$libinit$$00000015)
    .ARM.Collect$$libinit$$00000017          0x000001c2   Section        0  libinit2.o(.ARM.Collect$$libinit$$00000017)
    .ARM.Collect$$libinit$$00000019          0x000001c2   Section        0  libinit2.o(.ARM.Collect$$libinit$$00000019)
    .ARM.Collect$$libinit$$0000001B          0x000001c2   Section        0  libinit2.o(.ARM.Collect$$libinit$$0000001B)
    .ARM.Collect$$libinit$$0000001D          0x000001c2   Section        0  libinit2.o(.ARM.Collect$$libinit$$0000001D)
    .ARM.Collect$$libinit$$0000001F          0x000001c2   Section        0  libinit2.o(.ARM.Collect$$libinit$$0000001F)
    .ARM.Collect$$libinit$$00000021          0x000001c2   Section        0  libinit2.o(.ARM.Collect$$libinit$$00000021)
    .ARM.Collect$$libinit$$00000023          0x000001c2   Section        0  libinit2.o(.ARM.Collect$$libinit$$00000023)
    .ARM.Collect$$libinit$$00000025          0x000001c2   Section        0  libinit2.o(.ARM.Collect$$libinit$$00000025)
    .ARM.Collect$$libinit$$0000002C          0x000001c2   Section        0  libinit2.o(.ARM.Collect$$libinit$$0000002C)
    .ARM.Collect$$libinit$$0000002E          0x000001c2   Section        0  libinit2.o(.ARM.Collect$$libinit$$0000002E)
    .ARM.Collect$$libinit$$00000030          0x000001c2   Section        0  libinit2.o(.ARM.Collect$$libinit$$00000030)
    .ARM.Collect$$libinit$$00000032          0x000001c2   Section        0  libinit2.o(.ARM.Collect$$libinit$$00000032)
    .ARM.Collect$$libinit$$00000033          0x000001c2   Section       12  libinit2.o(.ARM.Collect$$libinit$$00000033)
    .ARM.Collect$$libshutdown$$00000000      0x000001d8   Section        4  libshutdown.o(.ARM.Collect$$libshutdown$$00000000)
    .ARM.Collect$$libshutdown$$00000002      0x000001dc   Section        0  libshutdown2.o(.ARM.Collect$$libshutdown$$00000002)
    .ARM.Collect$$libshutdown$$00000004      0x000001dc   Section        0  libshutdown2.o(.ARM.Collect$$libshutdown$$00000004)
    .ARM.Collect$$libshutdown$$00000007      0x000001dc   Section        0  libshutdown2.o(.ARM.Collect$$libshutdown$$00000007)
    .ARM.Collect$$libshutdown$$0000000A      0x000001dc   Section        0  libshutdown2.o(.ARM.Collect$$libshutdown$$0000000A)
    .ARM.Collect$$libshutdown$$0000000C      0x000001dc   Section        0  libshutdown2.o(.ARM.Collect$$libshutdown$$0000000C)
    .ARM.Collect$$libshutdown$$0000000F      0x000001dc   Section        0  libshutdown2.o(.ARM.Collect$$libshutdown$$0000000F)
    .ARM.Collect$$libshutdown$$00000010      0x000001dc   Section        6  libshutdown2.o(.ARM.Collect$$libshutdown$$00000010)
    .ARM.Collect$$rtentry$$00000000          0x000001e4   Section        0  __rtentry.o(.ARM.Collect$$rtentry$$00000000)
    .ARM.Collect$$rtentry$$00000002          0x000001e4   Section        0  __rtentry2.o(.ARM.Collect$$rtentry$$00000002)
    .ARM.Collect$$rtentry$$00000004          0x000001e4   Section        8  __rtentry4.o(.ARM.Collect$$rtentry$$00000004)
    .ARM.Collect$$rtentry$$00000009          0x000001ec   Section        0  __rtentry2.o(.ARM.Collect$$rtentry$$00000009)
    .ARM.Collect$$rtentry$$0000000A          0x000001ec   Section        4  __rtentry2.o(.ARM.Collect$$rtentry$$0000000A)
    .ARM.Collect$$rtentry$$0000000C          0x000001f0   Section        0  __rtentry2.o(.ARM.Collect$$rtentry$$0000000C)
    .ARM.Collect$$rtentry$$0000000D          0x000001f0   Section       40  __rtentry2.o(.ARM.Collect$$rtentry$$0000000D)
    .ARM.Collect$$rtexit$$00000000           0x0000021c   Section        4  rtexit.o(.ARM.Collect$$rtexit$$00000000)
    .ARM.Collect$$rtexit$$00000002           0x00000220   Section        0  rtexit2.o(.ARM.Collect$$rtexit$$00000002)
    .ARM.Collect$$rtexit$$00000003           0x00000220   Section        4  rtexit2.o(.ARM.Collect$$rtexit$$00000003)
    .ARM.Collect$$rtexit$$00000004           0x00000224   Section        8  rtexit2.o(.ARM.Collect$$rtexit$$00000004)
    .text                                    0x0000022c   Section       32  startup.o(.text)
    .text                                    0x0000024c   Section      148  serialisr.o(.text)
    .text                                    0x000002e0   Section        0  gpio.o(.text)
    .text                                    0x00000550   Section        0  main.o(.text)
    configTimer1                             0x00000b24   ARM Code      32  main.o(.text)
    prvSetupHardware                         0x00000b44   ARM Code      40  main.o(.text)
    .text                                    0x00000d80   Section        0  serial.o(.text)
    .text                                    0x00001048   Section        0  tasks.o(.text)
    prvInitialiseTaskLists                   0x00001048   ARM Code     120  tasks.o(.text)
    prvAddNewTaskToReadyList                 0x000010c0   ARM Code     228  tasks.o(.text)
    prvInitialiseNewTask                     0x000011a4   ARM Code     256  tasks.o(.text)
    prvDeleteTCB                             0x00001434   ARM Code      32  tasks.o(.text)
    prvResetNextTaskUnblockTime              0x00001454   ARM Code      84  tasks.o(.text)
    prvAddCurrentTaskToDelayedList           0x00001958   ARM Code     268  tasks.o(.text)
    prvTaskIsTaskSuspended                   0x00002198   ARM Code     124  tasks.o(.text)
    prvCheckTasksWaitingTermination          0x00002314   ARM Code     108  tasks.o(.text)
    prvIdleTask                              0x00002380   ARM Code     152  tasks.o(.text)
    prvTaskCheckFreeStackSpace               0x000025f4   ARM Code      68  tasks.o(.text)
    prvListTasksWithinSingleList             0x00002720   ARM Code     188  tasks.o(.text)
    prvWriteNameToBuffer                     0x00002e04   ARM Code      80  tasks.o(.text)
    .text                                    0x00003838   Section        0  list.o(.text)
    .text                                    0x0000394c   Section        0  queue.o(.text)
    prvInitialiseNewQueue                    0x00003a40   ARM Code      76  queue.o(.text)
    prvUnlockQueue                           0x00003b0c   ARM Code     232  queue.o(.text)
    prvIsQueueFull                           0x00003bf4   ARM Code      56  queue.o(.text)
    prvCopyDataToQueue                       0x00003c2c   ARM Code     204  queue.o(.text)
    prvIsQueueEmpty                          0x00003fdc   ARM Code      52  queue.o(.text)
    prvCopyDataFromQueue                     0x00004010   ARM Code      88  queue.o(.text)
    .text                                    0x0000467c   Section        0  port.o(.text)
    prvSetupTimerInterrupt                   0x0000476c   ARM Code     100  port.o(.text)
    .text                                    0x00004878   Section        0  heap_2.o(.text)
    prvHeapInit                              0x00004878   ARM Code      72  heap_2.o(.text)
    .text                                    0x00004ab8   Section        0  noretval__2sprintf.o(.text)
    .text                                    0x00004ae0   Section        0  __printf.o(.text)
    .text                                    0x00004b56   Section        0  _printf_str.o(.text)
    .text                                    0x00004bb8   Section        0  _printf_dec.o(.text)
    .text                                    0x00004c30   Section        0  strcpy.o(.text)
    .text                                    0x00004c88   Section        0  strlen.o(.text)
    .text                                    0x00004ccc   Section      212  rt_memcpy.o(.text)
    .text                                    0x00004da0   Section       16  aeabi_memset.o(.text)
    .text                                    0x00004db0   Section      384  aeabi_sdiv.o(.text)
    __arm_div8                               0x00004ddc   ARM Code       0  aeabi_sdiv.o(.text)
    __arm_div5                               0x00004e00   ARM Code       0  aeabi_sdiv.o(.text)
    __arm_div2                               0x00004e24   ARM Code       0  aeabi_sdiv.o(.text)
    __arm_div_large                          0x00004e60   ARM Code       0  aeabi_sdiv.o(.text)
    .text                                    0x00004f30   Section        0  heapauxi.o(.text)
    .text                                    0x00004f36   Section        0  _printf_intcommon.o(.text)
    .text                                    0x00004ff0   Section        0  _printf_char_common.o(.text)
    _printf_input_char                       0x00004ff1   Thumb Code    10  _printf_char_common.o(.text)
    .text                                    0x00005020   Section        0  _sputc.o(.text)
    .text                                    0x00005034   Section        0  _printf_char.o(.text)
    .text                                    0x00005068   Section      100  rt_memcpy_w.o(.text)
    .text                                    0x000050cc   Section       64  rt_memclr.o(.text)
    .text                                    0x00005110   Section       44  rtudiv10.o(.text)
    .text                                    0x0000513c   Section       84  rt_memclr_w.o(.text)
    .text                                    0x00005190   Section       96  sys_stackheap_outer.o(.text)
    .text                                    0x000051f0   Section        0  exit.o(.text)
    .text                                    0x00005204   Section       12  libspace.o(.text)
    .text                                    0x00005218   Section        0  sys_exit.o(.text)
    .text                                    0x00005224   Section        4  use_no_semi.o(.text)
    .text                                    0x00005228   Section        0  indicate_semi.o(.text)
    .text_udiv                               0x00005228   Section       36  aeabi_sdiv.o(.text_udiv)
    PORT_ASM                                 0x0000524c   Section      396  portasm.o(PORT_ASM)
    i.__ARM_common_call_via_r1               0x000053d8   Section        0  __printf.o(i.__ARM_common_call_via_r1)
    i.__ARM_common_call_via_r2               0x000053da   Section        0  __printf.o(i.__ARM_common_call_via_r2)
    .data                                    0x40000000   Section       92  gpio_cfg.o(.data)
    .data                                    0x4000005c   Section       83  main.o(.data)
    .data                                    0x400000af   Section        4  serial.o(.data)
    .data                                    0x400000b4   Section       72  tasks.o(.data)
    pxDelayedTaskList                        0x400000b8   Data           4  tasks.o(.data)
    pxOverflowDelayedTaskList                0x400000bc   Data           4  tasks.o(.data)
    uxDeletedTasksWaitingCleanUp             0x400000c0   Data           4  tasks.o(.data)
    uxCurrentNumberOfTasks                   0x400000c4   Data           4  tasks.o(.data)
    xTickCount                               0x400000c8   Data           4  tasks.o(.data)
    uxTopReadyPriority                       0x400000cc   Data           4  tasks.o(.data)
    xSchedulerRunning                        0x400000d0   Data           4  tasks.o(.data)
    xPendedTicks                             0x400000d4   Data           4  tasks.o(.data)
    xYieldPending                            0x400000d8   Data           4  tasks.o(.data)
    xNumOfOverflows                          0x400000dc   Data           4  tasks.o(.data)
    uxTaskNumber                             0x400000e0   Data           4  tasks.o(.data)
    xNextTaskUnblockTime                     0x400000e4   Data           4  tasks.o(.data)
    xIdleTaskHandle                          0x400000e8   Data           4  tasks.o(.data)
    uxSchedulerSuspended                     0x400000f0   Data           4  tasks.o(.data)
    ulTaskSwitchedInTime                     0x400000f4   Data           4  tasks.o(.data)
    ulTotalRunTime                           0x400000f8   Data           4  tasks.o(.data)
    .data                                    0x400000fc   Section        4  port.o(.data)
    .data                                    0x40000100   Section       24  heap_2.o(.data)
    xStart                                   0x40000100   Data           8  heap_2.o(.data)
    xEnd                                     0x40000108   Data           8  heap_2.o(.data)
    xFreeBytesRemaining                      0x40000110   Data           4  heap_2.o(.data)
    xHeapHasBeenInitialised                  0x40000114   Data           4  heap_2.o(.data)
    .bss                                     0x40000118   Section      200  serial.o(.bss)
    .bss                                     0x400001e0   Section      200  tasks.o(.bss)
    xReadyTasksListEDF                       0x400001e0   Data          20  tasks.o(.bss)
    pxReadyTasksLists                        0x400001f4   Data          80  tasks.o(.bss)
    xDelayedTaskList1                        0x40000244   Data          20  tasks.o(.bss)
    xDelayedTaskList2                        0x40000258   Data          20  tasks.o(.bss)
    xPendingReadyList                        0x4000026c   Data          20  tasks.o(.bss)
    xTasksWaitingTermination                 0x40000280   Data          20  tasks.o(.bss)
    xSuspendedTaskList                       0x40000294   Data          20  tasks.o(.bss)
    .bss                                     0x400002a8   Section    13312  heap_2.o(.bss)
    ucHeap                                   0x400002a8   Data       13312  heap_2.o(.bss)
    .bss                                     0x400036a8   Section       96  libspace.o(.bss)
    HEAP                                     0x40003708   Section        0  startup.o(HEAP)
    STACK                                    0x40003708   Section     1568  startup.o(STACK)
    Heap_Mem                                 0x40003708   Data           0  startup.o(HEAP)
    Stack_Mem                                0x40003708   Data        1568  startup.o(STACK)
    Stack_Top                                0x40003d28   Data           0  startup.o(STACK)

    Global Symbols

    Symbol Name                              Value     Ov Type        Size  Object(Section)

    BuildAttributes$$THM_ISAv1$ARM_ISAv4$S$PE$A:L22$X:L11$S22$IEEE1$IW$USESV6$~STKCKD$USESV7$~SHL$OSPACE$ROPI$EBA8$UX$STANDARDLIB$REQ8$PRES8$EABIv2 0x00000000   Number         0  anon$$obj.o ABSOLUTE
    __ARM_use_no_argv                        0x00000000   Number         0  main.o ABSOLUTE
    __ARM_exceptions_init                     - Undefined Weak Reference
    __alloca_initialize                       - Undefined Weak Reference
    __arm_preinit_                            - Undefined Weak Reference
    __cpp_initialize__aeabi_                  - Undefined Weak Reference
    __cxa_finalize                            - Undefined Weak Reference
    __rt_locale                               - Undefined Weak Reference
    __sigvec_lookup                           - Undefined Weak Reference
    _atexit_init                              - Undefined Weak Reference
    _call_atexit_fns                          - Undefined Weak Reference
    _clock_init                               - Undefined Weak Reference
    _fp_trap_init                             - Undefined Weak Reference
    _fp_trap_shutdown                         - Undefined Weak Reference
    _get_lc_collate                           - Undefined Weak Reference
    _get_lc_ctype                             - Undefined Weak Reference
    _get_lc_monetary                          - Undefined Weak Reference
    _get_lc_numeric                           - Undefined Weak Reference
    _get_lc_time                              - Undefined Weak Reference
    _getenv_init                              - Undefined Weak Reference
    _handle_redirection                       - Undefined Weak Reference
    _init_alloc                               - Undefined Weak Reference
    _init_user_alloc                          - Undefined Weak Reference
    _initio                                   - Undefined Weak Reference
    _printf_mbtowc                            - Undefined Weak Reference
    _printf_post_padding                      - Undefined Weak Reference
    _printf_pre_padding                       - Undefined Weak Reference
    _printf_truncate_signed                   - Undefined Weak Reference
    _printf_truncate_unsigned                 - Undefined Weak Reference
    _rand_init                                - Undefined Weak Reference
    _signal_finish                            - Undefined Weak Reference
    _signal_init                              - Undefined Weak Reference
    _terminate_alloc                          - Undefined Weak Reference
    _terminate_user_alloc                     - Undefined Weak Reference
    _terminateio                              - Undefined Weak Reference
    Reset_Handler                            0x00000058   ARM Code       0  startup.o(RESET)
    __main                                   0x00000104   ARM Code       8  __main.o(!!!main)
    __scatterload                            0x0000010c   ARM Code       0  __scatter.o(!!!scatter)
    __scatterload_rt2                        0x0000010c   ARM Code      52  __scatter.o(!!!scatter)
    __scatterload_null                       0x00000120   ARM Code       0  __scatter.o(!!!scatter)
    __scatterload_copy                       0x00000148   ARM Code      40  __scatter_copy.o(!!handler_copy)
    __scatterload_zeroinit                   0x00000170   ARM Code      44  __scatter_zi.o(!!handler_zi)
    Inline Thumb to ARM Veneer to _printf_percent 0x0000019d   Thumb Code     4  _printf_percent.o(.ARM.Collect$$_printf_percent$$00000000)
    _printf_percent                          0x000001a0   ARM Code       0  _printf_percent.o(.ARM.Collect$$_printf_percent$$00000000)
    _printf_u                                0x000001a0   ARM Code       0  _printf_u.o(.ARM.Collect$$_printf_percent$$0000000A)
    _printf_c                                0x000001a8   ARM Code       0  _printf_c.o(.ARM.Collect$$_printf_percent$$00000013)
    _printf_percent_end                      0x000001b0   ARM Code       0  _printf_percent_end.o(.ARM.Collect$$_printf_percent$$00000017)
    Inline ARM to Thumb Veneer to __rt_lib_init 0x000001b8   ARM Code       8  libinit.o(.ARM.Collect$$libinit$$00000000)
    __rt_lib_init                            0x000001c1   Thumb Code     0  libinit.o(.ARM.Collect$$libinit$$00000000)
    __rt_lib_init_alloca_1                   0x000001c3   Thumb Code     0  libinit2.o(.ARM.Collect$$libinit$$0000002E)
    __rt_lib_init_argv_1                     0x000001c3   Thumb Code     0  libinit2.o(.ARM.Collect$$libinit$$0000002C)
    __rt_lib_init_atexit_1                   0x000001c3   Thumb Code     0  libinit2.o(.ARM.Collect$$libinit$$0000001B)
    __rt_lib_init_clock_1                    0x000001c3   Thumb Code     0  libinit2.o(.ARM.Collect$$libinit$$00000021)
    __rt_lib_init_cpp_1                      0x000001c3   Thumb Code     0  libinit2.o(.ARM.Collect$$libinit$$00000032)
    __rt_lib_init_exceptions_1               0x000001c3   Thumb Code     0  libinit2.o(.ARM.Collect$$libinit$$00000030)
    __rt_lib_init_fp_1                       0x000001c3   Thumb Code     0  libinit2.o(.ARM.Collect$$libinit$$00000002)
    __rt_lib_init_fp_trap_1                  0x000001c3   Thumb Code     0  libinit2.o(.ARM.Collect$$libinit$$0000001F)
    __rt_lib_init_getenv_1                   0x000001c3   Thumb Code     0  libinit2.o(.ARM.Collect$$libinit$$00000023)
    __rt_lib_init_heap_1                     0x000001c3   Thumb Code     0  libinit2.o(.ARM.Collect$$libinit$$0000000A)
    __rt_lib_init_lc_collate_1               0x000001c3   Thumb Code     0  libinit2.o(.ARM.Collect$$libinit$$00000011)
    __rt_lib_init_lc_ctype_1                 0x000001c3   Thumb Code     0  libinit2.o(.ARM.Collect$$libinit$$00000013)
    __rt_lib_init_lc_monetary_1              0x000001c3   Thumb Code     0  libinit2.o(.ARM.Collect$$libinit$$00000015)
    __rt_lib_init_lc_numeric_1               0x000001c3   Thumb Code     0  libinit2.o(.ARM.Collect$$libinit$$00000017)
    __rt_lib_init_lc_time_1                  0x000001c3   Thumb Code     0  libinit2.o(.ARM.Collect$$libinit$$00000019)
    __rt_lib_init_preinit_1                  0x000001c3   Thumb Code     0  libinit2.o(.ARM.Collect$$libinit$$00000004)
    __rt_lib_init_rand_1                     0x000001c3   Thumb Code     0  libinit2.o(.ARM.Collect$$libinit$$0000000E)
    __rt_lib_init_return                     0x000001c3   Thumb Code     0  libinit2.o(.ARM.Collect$$libinit$$00000033)
    __rt_lib_init_signal_1                   0x000001c3   Thumb Code     0  libinit2.o(.ARM.Collect$$libinit$$0000001D)
    __rt_lib_init_stdio_1                    0x000001c3   Thumb Code     0  libinit2.o(.ARM.Collect$$libinit$$00000025)
    __rt_lib_init_user_alloc_1               0x000001c3   Thumb Code     0  libinit2.o(.ARM.Collect$$libinit$$0000000C)
    Inline ARM to Thumb Veneer to __rt_lib_shutdown 0x000001d0   ARM Code       8  libshutdown.o(.ARM.Collect$$libshutdown$$00000000)
    __rt_lib_shutdown                        0x000001d9   Thumb Code     0  libshutdown.o(.ARM.Collect$$libshutdown$$00000000)
    __rt_lib_shutdown_cpp_1                  0x000001dd   Thumb Code     0  libshutdown2.o(.ARM.Collect$$libshutdown$$00000002)
    __rt_lib_shutdown_fp_trap_1              0x000001dd   Thumb Code     0  libshutdown2.o(.ARM.Collect$$libshutdown$$00000007)
    __rt_lib_shutdown_heap_1                 0x000001dd   Thumb Code     0  libshutdown2.o(.ARM.Collect$$libshutdown$$0000000F)
    __rt_lib_shutdown_return                 0x000001dd   Thumb Code     0  libshutdown2.o(.ARM.Collect$$libshutdown$$00000010)
    __rt_lib_shutdown_signal_1               0x000001dd   Thumb Code     0  libshutdown2.o(.ARM.Collect$$libshutdown$$0000000A)
    __rt_lib_shutdown_stdio_1                0x000001dd   Thumb Code     0  libshutdown2.o(.ARM.Collect$$libshutdown$$00000004)
    __rt_lib_shutdown_user_alloc_1           0x000001dd   Thumb Code     0  libshutdown2.o(.ARM.Collect$$libshutdown$$0000000C)
    __rt_entry                               0x000001e4   ARM Code       0  __rtentry.o(.ARM.Collect$$rtentry$$00000000)
    __rt_entry_presh_1                       0x000001e4   ARM Code       0  __rtentry2.o(.ARM.Collect$$rtentry$$00000002)
    __rt_entry_sh                            0x000001e4   ARM Code       0  __rtentry4.o(.ARM.Collect$$rtentry$$00000004)
    __rt_entry_li                            0x000001ec   ARM Code       0  __rtentry2.o(.ARM.Collect$$rtentry$$0000000A)
    __rt_entry_postsh_1                      0x000001ec   ARM Code       0  __rtentry2.o(.ARM.Collect$$rtentry$$00000009)
    __rt_entry_main                          0x000001f0   ARM Code       0  __rtentry2.o(.ARM.Collect$$rtentry$$0000000D)
    __rt_entry_postli_1                      0x000001f0   ARM Code       0  __rtentry2.o(.ARM.Collect$$rtentry$$0000000C)
    Inline Thumb to ARM Veneer to __rt_exit  0x00000219   Thumb Code     4  rtexit.o(.ARM.Collect$$rtexit$$00000000)
    __rt_exit                                0x0000021c   ARM Code       0  rtexit.o(.ARM.Collect$$rtexit$$00000000)
    __rt_exit_ls                             0x00000220   ARM Code       0  rtexit2.o(.ARM.Collect$$rtexit$$00000003)
    __rt_exit_prels_1                        0x00000220   ARM Code       0  rtexit2.o(.ARM.Collect$$rtexit$$00000002)
    __rt_exit_exit                           0x00000224   ARM Code       0  rtexit2.o(.ARM.Collect$$rtexit$$00000004)
    __user_initial_stackheap                 0x0000022c   ARM Code       0  startup.o(.text)
    vUART_ISREntry                           0x0000024c   ARM Code       0  serialisr.o(.text)
    GPIO_init                                0x000002e0   ARM Code     356  gpio.o(.text)
    GPIO_read                                0x00000444   ARM Code      80  gpio.o(.text)
    GPIO_write                               0x00000494   ARM Code     176  gpio.o(.text)
    Button_1_Monitor                         0x00000550   ARM Code     332  main.o(.text)
    Button_2_Monitor                         0x0000069c   ARM Code     340  main.o(.text)
    Periodic_Transmitter                     0x000007f0   ARM Code     128  main.o(.text)
    UART_Receiver                            0x00000870   ARM Code     340  main.o(.text)
    Load_1_Simulation                        0x000009c4   ARM Code     192  main.o(.text)
    Load_2_Simulation                        0x00000a84   ARM Code      88  main.o(.text)
    vApplicationIdleHook                     0x00000adc   ARM Code      28  main.o(.text)
    vApplicationTickHook                     0x00000af8   ARM Code      44  main.o(.text)
    main                                     0x00000b6c   ARM Code     356  main.o(.text)
    timer1Reset                              0x00000cd0   ARM Code      40  main.o(.text)
    xSerialPortInitMinimal                   0x00000d80   ARM Code     192  serial.o(.text)
    xSerialGetChar                           0x00000e40   ARM Code      68  serial.o(.text)
    xSerialPutChar                           0x00000e84   ARM Code      12  serial.o(.text)
    vSerialPutString                         0x00000e90   ARM Code     164  serial.o(.text)
    vUART_ISRHandler                         0x00000f34   ARM Code     240  serial.o(.text)
    xTaskCreate                              0x000012a4   ARM Code     172  tasks.o(.text)
    xTaskGetTickCount                        0x00001350   ARM Code      32  tasks.o(.text)
    xTaskPeriodicCreate                      0x00001370   ARM Code     196  tasks.o(.text)
    vTaskDelete                              0x000014a8   ARM Code     236  tasks.o(.text)
    xTaskIncrementTick                       0x00001594   ARM Code     532  tasks.o(.text)
    xTaskResumeAll                           0x000017a8   ARM Code     432  tasks.o(.text)
    vTaskSuspendAll                          0x00001a64   ARM Code      24  tasks.o(.text)
    xTaskDelayUntil                          0x00001a7c   ARM Code     156  tasks.o(.text)
    vTaskDelay                               0x00001b18   ARM Code      64  tasks.o(.text)
    eTaskGetState                            0x00001b58   ARM Code     220  tasks.o(.text)
    uxTaskPriorityGet                        0x00001c34   ARM Code      60  tasks.o(.text)
    uxTaskPriorityGetFromISR                 0x00001c70   ARM Code      44  tasks.o(.text)
    vTaskPrioritySet                         0x00001c9c   ARM Code     268  tasks.o(.text)
    vTaskSwitchContext                       0x00001da8   ARM Code     756  tasks.o(.text)
    vTaskSuspend                             0x0000209c   ARM Code     252  tasks.o(.text)
    vTaskResume                              0x00002214   ARM Code     116  tasks.o(.text)
    xTaskResumeFromISR                       0x00002288   ARM Code     140  tasks.o(.text)
    vTaskStartScheduler                      0x00002418   ARM Code     368  tasks.o(.text)
    vTaskEndScheduler                        0x00002588   ARM Code      40  tasks.o(.text)
    xTaskGetTickCountFromISR                 0x000025b0   ARM Code      16  tasks.o(.text)
    uxTaskGetNumberOfTasks                   0x000025c0   ARM Code      12  tasks.o(.text)
    pcTaskGetName                            0x000025cc   ARM Code      40  tasks.o(.text)
    vTaskGetInfo                             0x00002638   ARM Code     232  tasks.o(.text)
    uxTaskGetSystemState                     0x000027dc   ARM Code     232  tasks.o(.text)
    xTaskCatchUpTicks                        0x000028c4   ARM Code      52  tasks.o(.text)
    vTaskSetApplicationTaskTag               0x000028f8   ARM Code      56  tasks.o(.text)
    xTaskGetApplicationTaskTag               0x00002930   ARM Code      60  tasks.o(.text)
    xTaskGetApplicationTaskTagFromISR        0x0000296c   ARM Code      44  tasks.o(.text)
    xTaskCallApplicationTaskHook             0x00002998   ARM Code      88  tasks.o(.text)
    vTaskPlaceOnEventList                    0x000029f0   ARM Code      52  tasks.o(.text)
    vTaskPlaceOnUnorderedEventList           0x00002a24   ARM Code     144  tasks.o(.text)
    xTaskRemoveFromEventList                 0x00002ab4   ARM Code     320  tasks.o(.text)
    vTaskRemoveFromUnorderedEventList        0x00002bf4   ARM Code     216  tasks.o(.text)
    vTaskSetTimeOutState                     0x00002ccc   ARM Code      48  tasks.o(.text)
    vTaskInternalSetTimeOutState             0x00002cfc   ARM Code      28  tasks.o(.text)
    xTaskCheckForTimeOut                     0x00002d18   ARM Code     168  tasks.o(.text)
    vTaskMissedYield                         0x00002dc0   ARM Code      16  tasks.o(.text)
    uxTaskGetTaskNumber                      0x00002dd0   ARM Code      32  tasks.o(.text)
    vTaskSetTaskNumber                       0x00002df0   ARM Code      20  tasks.o(.text)
    vTaskList                                0x00002e54   ARM Code     336  tasks.o(.text)
    vTaskGetRunTimeStats                     0x00002fa4   ARM Code     264  tasks.o(.text)
    uxTaskResetEventItemValue                0x000030ac   ARM Code      44  tasks.o(.text)
    ulTaskGenericNotifyTake                  0x000030d8   ARM Code     256  tasks.o(.text)
    xTaskGenericNotifyWait                   0x000031d8   ARM Code     260  tasks.o(.text)
    xTaskGenericNotify                       0x000032dc   ARM Code     368  tasks.o(.text)
    xTaskGenericNotifyFromISR                0x0000344c   ARM Code     492  tasks.o(.text)
    vTaskGenericNotifyGiveFromISR            0x00003638   ARM Code     304  tasks.o(.text)
    xTaskGenericNotifyStateClear             0x00003768   ARM Code     100  tasks.o(.text)
    ulTaskGenericNotifyValueClear            0x000037cc   ARM Code      92  tasks.o(.text)
    vListInitialise                          0x00003838   ARM Code      44  list.o(.text)
    vListInitialiseItem                      0x00003864   ARM Code      12  list.o(.text)
    vListInsertEnd                           0x00003870   ARM Code      48  list.o(.text)
    vListInsert                              0x000038a0   ARM Code      96  list.o(.text)
    uxListRemove                             0x00003900   ARM Code      76  list.o(.text)
    xQueueGenericReset                       0x0000394c   ARM Code     244  queue.o(.text)
    xQueueGenericCreate                      0x00003a8c   ARM Code     128  queue.o(.text)
    xQueueGenericSend                        0x00003cf8   ARM Code     380  queue.o(.text)
    xQueueGenericSendFromISR                 0x00003e74   ARM Code     196  queue.o(.text)
    xQueueGiveFromISR                        0x00003f38   ARM Code     164  queue.o(.text)
    xQueueReceive                            0x00004068   ARM Code     364  queue.o(.text)
    xQueueSemaphoreTake                      0x000041d4   ARM Code     348  queue.o(.text)
    xQueuePeek                               0x00004330   ARM Code     364  queue.o(.text)
    xQueueReceiveFromISR                     0x0000449c   ARM Code     176  queue.o(.text)
    xQueuePeekFromISR                        0x0000454c   ARM Code      76  queue.o(.text)
    uxQueueMessagesWaiting                   0x00004598   ARM Code      32  queue.o(.text)
    uxQueueSpacesAvailable                   0x000045b8   ARM Code      44  queue.o(.text)
    uxQueueMessagesWaitingFromISR            0x000045e4   ARM Code      16  queue.o(.text)
    vQueueDelete                             0x000045f4   ARM Code      28  queue.o(.text)
    uxQueueGetQueueNumber                    0x00004610   ARM Code      12  queue.o(.text)
    vQueueSetQueueNumber                     0x0000461c   ARM Code       8  queue.o(.text)
    ucQueueGetQueueType                      0x00004624   ARM Code      12  queue.o(.text)
    xQueueIsQueueEmptyFromISR                0x00004630   ARM Code      36  queue.o(.text)
    xQueueIsQueueFullFromISR                 0x00004654   ARM Code      40  queue.o(.text)
    pxPortInitialiseStack                    0x0000467c   ARM Code     240  port.o(.text)
    xPortStartScheduler                      0x000047d0   ARM Code      24  port.o(.text)
    vPortEndScheduler                        0x000047e8   ARM Code       4  port.o(.text)
    vPortEnterCritical                       0x000047ec   ARM Code      36  port.o(.text)
    vPortExitCritical                        0x00004810   ARM Code      68  port.o(.text)
    pvPortMalloc                             0x000048c0   ARM Code     344  heap_2.o(.text)
    vPortFree                                0x00004a18   ARM Code     112  heap_2.o(.text)
    xPortGetFreeHeapSize                     0x00004a88   ARM Code      12  heap_2.o(.text)
    vPortInitialiseBlocks                    0x00004a94   ARM Code       4  heap_2.o(.text)
    Inline ARM to Thumb Veneer to __2sprintf 0x00004ab0   ARM Code       8  noretval__2sprintf.o(.text)
    __2sprintf                               0x00004ab9   Thumb Code    36  noretval__2sprintf.o(.text)
    __printf                                 0x00004ae1   Thumb Code   118  __printf.o(.text)
    _printf_str                              0x00004b57   Thumb Code    88  _printf_str.o(.text)
    Inline ARM to Thumb Veneer to _printf_int_dec 0x00004bb0   ARM Code       8  _printf_dec.o(.text)
    _printf_int_dec                          0x00004bb9   Thumb Code    94  _printf_dec.o(.text)
    Inline ARM to Thumb Veneer to strcpy     0x00004c28   ARM Code       8  strcpy.o(.text)
    strcpy                                   0x00004c31   Thumb Code    74  strcpy.o(.text)
    Inline ARM to Thumb Veneer to strlen     0x00004c80   ARM Code       8  strlen.o(.text)
    strlen                                   0x00004c89   Thumb Code    64  strlen.o(.text)
    __aeabi_memcpy                           0x00004ccc   ARM Code       0  rt_memcpy.o(.text)
    __rt_memcpy                              0x00004ccc   ARM Code     212  rt_memcpy.o(.text)
    _memcpy_lastbytes                        0x00004d80   ARM Code       0  rt_memcpy.o(.text)
    __aeabi_memset                           0x00004da0   ARM Code      16  aeabi_memset.o(.text)
    __aeabi_idiv                             0x00004db0   ARM Code       0  aeabi_sdiv.o(.text)
    __aeabi_idivmod                          0x00004db0   ARM Code     384  aeabi_sdiv.o(.text)
    __use_two_region_memory                  0x00004f31   Thumb Code     2  heapauxi.o(.text)
    __rt_heap_escrow$2region                 0x00004f33   Thumb Code     2  heapauxi.o(.text)
    __rt_heap_expand$2region                 0x00004f35   Thumb Code     2  heapauxi.o(.text)
    _printf_int_common                       0x00004f37   Thumb Code   186  _printf_intcommon.o(.text)
    _printf_char_common                      0x00004ffb   Thumb Code    34  _printf_char_common.o(.text)
    _sputc                                   0x00005021   Thumb Code    10  _sputc.o(.text)
    Inline ARM to Thumb Veneer to _printf_char 0x0000502c   ARM Code       8  _printf_char.o(.text)
    _printf_cs_common                        0x00005035   Thumb Code    26  _printf_char.o(.text)
    _printf_char                             0x0000504f   Thumb Code    16  _printf_char.o(.text)
    _printf_string                           0x0000505f   Thumb Code     8  _printf_char.o(.text)
    __aeabi_memcpy4                          0x00005068   ARM Code       0  rt_memcpy_w.o(.text)
    __aeabi_memcpy8                          0x00005068   ARM Code       0  rt_memcpy_w.o(.text)
    __rt_memcpy_w                            0x00005068   ARM Code     100  rt_memcpy_w.o(.text)
    _memcpy_lastbytes_aligned                0x000050b4   ARM Code       0  rt_memcpy_w.o(.text)
    __aeabi_memclr                           0x000050cc   ARM Code       0  rt_memclr.o(.text)
    __rt_memclr                              0x000050cc   ARM Code      64  rt_memclr.o(.text)
    _memset                                  0x000050d0   ARM Code       0  rt_memclr.o(.text)
    Inline Thumb to ARM Veneer to __rt_udiv10 0x0000510d   Thumb Code     4  rtudiv10.o(.text)
    __rt_udiv10                              0x00005110   ARM Code      44  rtudiv10.o(.text)
    __aeabi_memclr4                          0x0000513c   ARM Code       0  rt_memclr_w.o(.text)
    __aeabi_memclr8                          0x0000513c   ARM Code       0  rt_memclr_w.o(.text)
    __rt_memclr_w                            0x0000513c   ARM Code      84  rt_memclr_w.o(.text)
    _memset_w                                0x00005140   ARM Code       0  rt_memclr_w.o(.text)
    __user_setup_stackheap                   0x00005190   ARM Code      96  sys_stackheap_outer.o(.text)
    exit                                     0x000051f1   Thumb Code    20  exit.o(.text)
    __user_libspace                          0x00005204   ARM Code      12  libspace.o(.text)
    __user_perproc_libspace                  0x00005204   ARM Code       0  libspace.o(.text)
    __user_perthread_libspace                0x00005204   ARM Code       0  libspace.o(.text)
    Inline ARM to Thumb Veneer to _sys_exit  0x00005210   ARM Code       8  sys_exit.o(.text)
    _sys_exit                                0x00005219   Thumb Code     8  sys_exit.o(.text)
    __I$use$semihosting                      0x00005224   ARM Code       0  use_no_semi.o(.text)
    __use_no_semihosting_swi                 0x00005224   ARM Code       4  use_no_semi.o(.text)
    __aeabi_uidiv                            0x00005228   ARM Code       0  aeabi_sdiv.o(.text_udiv)
    __aeabi_uidivmod                         0x00005228   ARM Code      36  aeabi_sdiv.o(.text_udiv)
    __semihosting_library_function           0x00005228   ARM Code       0  indicate_semi.o(.text)
    vPortStartFirstTask                      0x0000524c   ARM Code       0  portasm.o(PORT_ASM)
    vPortYield                               0x0000527c   ARM Code       0  portasm.o(PORT_ASM)
    vPortYieldProcessor                      0x00005284   ARM Code       0  portasm.o(PORT_ASM)
    vPreemptiveTick                          0x00005310   ARM Code       0  portasm.o(PORT_ASM)
    __ARM_common_call_via_r1                 0x000053d9   Thumb Code     2  __printf.o(i.__ARM_common_call_via_r1)
    __ARM_common_call_via_r2                 0x000053db   Thumb Code     2  __printf.o(i.__ARM_common_call_via_r2)
    Region$$Table$$Base                      0x000053dc   Number         0  anon$$obj.o(Region$$Table)
    Region$$Table$$Limit                     0x000053fc   Number         0  anon$$obj.o(Region$$Table)
    PinConfig_array                          0x40000000   Data          90  gpio_cfg.o(.data)
    PinConfig_array_size                     0x4000005a   Data           2  gpio_cfg.o(.data)
    task_1_in_time                           0x4000005c   Data           4  main.o(.data)
    task_1_out_time                          0x40000060   Data           4  main.o(.data)
    task_1_total_time                        0x40000064   Data           4  main.o(.data)
    task_2_in_time                           0x40000068   Data           4  main.o(.data)
    task_2_out_time                          0x4000006c   Data           4  main.o(.data)
    task_2_total_time                        0x40000070   Data           4  main.o(.data)
    Button_1_Handler                         0x40000074   Data           4  main.o(.data)
    Button_2_Handler                         0x40000078   Data           4  main.o(.data)
    Periodic_Transmitter_Handler             0x4000007c   Data           4  main.o(.data)
    UART_Receiver_Handler                    0x40000080   Data           4  main.o(.data)
    Load_1_Simulation_Handler                0x40000084   Data           4  main.o(.data)
    Load_2_Simulation_Handler                0x40000088   Data           4  main.o(.data)
    xQueueButton_1                           0x4000008c   Data           4  main.o(.data)
    xQueueButton_2                           0x40000090   Data           4  main.o(.data)
    xQueuerTransmiter                        0x40000094   Data           4  main.o(.data)
    buttom_states                            0x40000098   Data           2  main.o(.data)
    button_Prev_state                        0x4000009a   Data           2  main.o(.data)
    Buttom_States                            0x4000009c   Data           4  main.o(.data)
    Buttom_Prev_States                       0x400000a0   Data           4  main.o(.data)
    global_Edge_sense                        0x400000a4   Data           3  main.o(.data)
    Global_Edge                              0x400000a8   Data           4  main.o(.data)
    UART_BUFF                                0x400000ac   Data           3  main.o(.data)
    receivedChar                             0x400000af   Data           1  serial.o(.data)
    isNewCharAvailable                       0x400000b0   Data           1  serial.o(.data)
    txDataSizeToSend                         0x400000b1   Data           1  serial.o(.data)
    txDataSizeLeftToSend                     0x400000b2   Data           1  serial.o(.data)
    pxCurrentTCB                             0x400000b4   Data           4  tasks.o(.data)
    uxTopUsedPriority                        0x400000ec   Data           4  tasks.o(.data)
    ulCriticalNesting                        0x400000fc   Data           4  port.o(.data)
    txBuffer                                 0x40000118   Data         200  serial.o(.bss)
    __libspace_start                         0x400036a8   Data          96  libspace.o(.bss)
    __temporary_stack_top$libspace           0x40003708   Data           0  libspace.o(.bss)



==============================================================================

Memory Map of the image

  Image Entry point : 0x00000104

  Load Region LR_IROM1 (Base: 0x00000000, Size: 0x00005514, Max: 0x00040000, ABSOLUTE)

    Execution Region ER_IROM1 (Exec base: 0x00000000, Load base: 0x00000000, Size: 0x000053fc, Max: 0x00040000, ABSOLUTE)

    Exec Addr    Load Addr    Size         Type   Attr      Idx    E Section Name        Object

    0x00000000   0x00000000   0x00000104   Code   RO            3    RESET               startup.o
    0x00000104   0x00000104   0x00000008   Code   RO          314  * !!!main             c_t.l(__main.o)
    0x0000010c   0x0000010c   0x0000003c   Code   RO          504    !!!scatter          c_t.l(__scatter.o)
    0x00000148   0x00000148   0x00000028   Code   RO          506    !!handler_copy      c_t.l(__scatter_copy.o)
    0x00000170   0x00000170   0x0000002c   Code   RO          508    !!handler_zi        c_t.l(__scatter_zi.o)
    0x0000019c   0x0000019c   0x00000004   Ven    RO          287    .ARM.Collect$$_printf_percent$$00000000  c_t.l(_printf_percent.o)
    0x000001a0   0x000001a0   0x00000000   Code   RO          287    .ARM.Collect$$_printf_percent$$00000000  c_t.l(_printf_percent.o)
    0x000001a0   0x000001a0   0x00000008   Code   RO          286    .ARM.Collect$$_printf_percent$$0000000A  c_t.l(_printf_u.o)
    0x000001a8   0x000001a8   0x00000008   Code   RO          285    .ARM.Collect$$_printf_percent$$00000013  c_t.l(_printf_c.o)
    0x000001b0   0x000001b0   0x00000008   Code   RO          329    .ARM.Collect$$_printf_percent$$00000017  c_t.l(_printf_percent_end.o)
    0x000001b8   0x000001b8   0x00000008   Ven    RO          374    .ARM.Collect$$libinit$$00000000  c_t.l(libinit.o)
    0x000001c0   0x000001c0   0x00000002   Code   RO          374    .ARM.Collect$$libinit$$00000000  c_t.l(libinit.o)
    0x000001c2   0x000001c2   0x00000000   Code   RO          387    .ARM.Collect$$libinit$$00000002  c_t.l(libinit2.o)
    0x000001c2   0x000001c2   0x00000000   Code   RO          389    .ARM.Collect$$libinit$$00000004  c_t.l(libinit2.o)
    0x000001c2   0x000001c2   0x00000000   Code   RO          392    .ARM.Collect$$libinit$$0000000A  c_t.l(libinit2.o)
    0x000001c2   0x000001c2   0x00000000   Code   RO          394    .ARM.Collect$$libinit$$0000000C  c_t.l(libinit2.o)
    0x000001c2   0x000001c2   0x00000000   Code   RO          396    .ARM.Collect$$libinit$$0000000E  c_t.l(libinit2.o)
    0x000001c2   0x000001c2   0x00000000   Code   RO          399    .ARM.Collect$$libinit$$00000011  c_t.l(libinit2.o)
    0x000001c2   0x000001c2   0x00000000   Code   RO          401    .ARM.Collect$$libinit$$00000013  c_t.l(libinit2.o)
    0x000001c2   0x000001c2   0x00000000   Code   RO          403    .ARM.Collect$$libinit$$00000015  c_t.l(libinit2.o)
    0x000001c2   0x000001c2   0x00000000   Code   RO          405    .ARM.Collect$$libinit$$00000017  c_t.l(libinit2.o)
    0x000001c2   0x000001c2   0x00000000   Code   RO          407    .ARM.Collect$$libinit$$00000019  c_t.l(libinit2.o)
    0x000001c2   0x000001c2   0x00000000   Code   RO          409    .ARM.Collect$$libinit$$0000001B  c_t.l(libinit2.o)
    0x000001c2   0x000001c2   0x00000000   Code   RO          411    .ARM.Collect$$libinit$$0000001D  c_t.l(libinit2.o)
    0x000001c2   0x000001c2   0x00000000   Code   RO          413    .ARM.Collect$$libinit$$0000001F  c_t.l(libinit2.o)
    0x000001c2   0x000001c2   0x00000000   Code   RO          415    .ARM.Collect$$libinit$$00000021  c_t.l(libinit2.o)
    0x000001c2   0x000001c2   0x00000000   Code   RO          417    .ARM.Collect$$libinit$$00000023  c_t.l(libinit2.o)
    0x000001c2   0x000001c2   0x00000000   Code   RO          419    .ARM.Collect$$libinit$$00000025  c_t.l(libinit2.o)
    0x000001c2   0x000001c2   0x00000000   Code   RO          423    .ARM.Collect$$libinit$$0000002C  c_t.l(libinit2.o)
    0x000001c2   0x000001c2   0x00000000   Code   RO          425    .ARM.Collect$$libinit$$0000002E  c_t.l(libinit2.o)
    0x000001c2   0x000001c2   0x00000000   Code   RO          427    .ARM.Collect$$libinit$$00000030  c_t.l(libinit2.o)
    0x000001c2   0x000001c2   0x00000000   Code   RO          429    .ARM.Collect$$libinit$$00000032  c_t.l(libinit2.o)
    0x000001c2   0x000001c2   0x0000000c   Code   RO          430    .ARM.Collect$$libinit$$00000033  c_t.l(libinit2.o)
    0x000001ce   0x000001ce   0x00000002   PAD
    0x000001d0   0x000001d0   0x00000008   Ven    RO          461    .ARM.Collect$$libshutdown$$00000000  c_t.l(libshutdown.o)
    0x000001d8   0x000001d8   0x00000004   Code   RO          461    .ARM.Collect$$libshutdown$$00000000  c_t.l(libshutdown.o)
    0x000001dc   0x000001dc   0x00000000   Code   RO          487    .ARM.Collect$$libshutdown$$00000002  c_t.l(libshutdown2.o)
    0x000001dc   0x000001dc   0x00000000   Code   RO          489    .ARM.Collect$$libshutdown$$00000004  c_t.l(libshutdown2.o)
    0x000001dc   0x000001dc   0x00000000   Code   RO          492    .ARM.Collect$$libshutdown$$00000007  c_t.l(libshutdown2.o)
    0x000001dc   0x000001dc   0x00000000   Code   RO          495    .ARM.Collect$$libshutdown$$0000000A  c_t.l(libshutdown2.o)
    0x000001dc   0x000001dc   0x00000000   Code   RO          497    .ARM.Collect$$libshutdown$$0000000C  c_t.l(libshutdown2.o)
    0x000001dc   0x000001dc   0x00000000   Code   RO          500    .ARM.Collect$$libshutdown$$0000000F  c_t.l(libshutdown2.o)
    0x000001dc   0x000001dc   0x00000006   Code   RO          501    .ARM.Collect$$libshutdown$$00000010  c_t.l(libshutdown2.o)
    0x000001e2   0x000001e2   0x00000002   PAD
    0x000001e4   0x000001e4   0x00000000   Code   RO          316    .ARM.Collect$$rtentry$$00000000  c_t.l(__rtentry.o)
    0x000001e4   0x000001e4   0x00000000   Code   RO          337    .ARM.Collect$$rtentry$$00000002  c_t.l(__rtentry2.o)
    0x000001e4   0x000001e4   0x00000008   Code   RO          349    .ARM.Collect$$rtentry$$00000004  c_t.l(__rtentry4.o)
    0x000001ec   0x000001ec   0x00000000   Code   RO          339    .ARM.Collect$$rtentry$$00000009  c_t.l(__rtentry2.o)
    0x000001ec   0x000001ec   0x00000004   Code   RO          340    .ARM.Collect$$rtentry$$0000000A  c_t.l(__rtentry2.o)
    0x000001f0   0x000001f0   0x00000000   Code   RO          342    .ARM.Collect$$rtentry$$0000000C  c_t.l(__rtentry2.o)
    0x000001f0   0x000001f0   0x00000028   Code   RO          343    .ARM.Collect$$rtentry$$0000000D  c_t.l(__rtentry2.o)
    0x00000218   0x00000218   0x00000004   Ven    RO          378    .ARM.Collect$$rtexit$$00000000  c_t.l(rtexit.o)
    0x0000021c   0x0000021c   0x00000004   Code   RO          378    .ARM.Collect$$rtexit$$00000000  c_t.l(rtexit.o)
    0x00000220   0x00000220   0x00000000   Code   RO          434    .ARM.Collect$$rtexit$$00000002  c_t.l(rtexit2.o)
    0x00000220   0x00000220   0x00000004   Code   RO          435    .ARM.Collect$$rtexit$$00000003  c_t.l(rtexit2.o)
    0x00000224   0x00000224   0x00000008   Code   RO          436    .ARM.Collect$$rtexit$$00000004  c_t.l(rtexit2.o)
    0x0000022c   0x0000022c   0x00000020   Code   RO            4    .text               startup.o
    0x0000024c   0x0000024c   0x00000094   Code   RO           61    .text               serialisr.o
    0x000002e0   0x000002e0   0x00000270   Code   RO           64    .text               gpio.o
    0x00000550   0x00000550   0x00000830   Code   RO           95    .text               main.o
    0x00000d80   0x00000d80   0x000002c8   Code   RO          145    .text               serial.o
    0x00001048   0x00001048   0x000027f0   Code   RO          161    .text               tasks.o
    0x00003838   0x00003838   0x00000114   Code   RO          189    .text               list.o
    0x0000394c   0x0000394c   0x00000d30   Code   RO          201    .text               queue.o
    0x0000467c   0x0000467c   0x000001fc   Code   RO          216    .text               port.o
    0x00004878   0x00004878   0x00000238   Code   RO          231    .text               heap_2.o
    0x00004ab0   0x00004ab0   0x00000008   Ven    RO          253    .text               c_t.l(noretval__2sprintf.o)
    0x00004ab8   0x00004ab8   0x00000028   Code   RO          253    .text               c_t.l(noretval__2sprintf.o)
    0x00004ae0   0x00004ae0   0x00000076   Code   RO          255    .text               c_t.l(__printf.o)
    0x00004b56   0x00004b56   0x00000058   Code   RO          261    .text               c_t.l(_printf_str.o)
    0x00004bae   0x00004bae   0x00000002   PAD
    0x00004bb0   0x00004bb0   0x00000008   Ven    RO          263    .text               c_t.l(_printf_dec.o)
    0x00004bb8   0x00004bb8   0x00000070   Code   RO          263    .text               c_t.l(_printf_dec.o)
    0x00004c28   0x00004c28   0x00000008   Ven    RO          288    .text               c_t.l(strcpy.o)
    0x00004c30   0x00004c30   0x00000050   Code   RO          288    .text               c_t.l(strcpy.o)
    0x00004c80   0x00004c80   0x00000008   Ven    RO          290    .text               c_t.l(strlen.o)
    0x00004c88   0x00004c88   0x00000044   Code   RO          290    .text               c_t.l(strlen.o)
    0x00004ccc   0x00004ccc   0x000000d4   Code   RO          292    .text               c_t.l(rt_memcpy.o)
    0x00004da0   0x00004da0   0x00000010   Code   RO          294    .text               c_t.l(aeabi_memset.o)
    0x00004db0   0x00004db0   0x00000180   Code   RO          296    .text               c_t.l(aeabi_sdiv.o)
    0x00004f30   0x00004f30   0x00000006   Code   RO          312    .text               c_t.l(heapauxi.o)
    0x00004f36   0x00004f36   0x000000ba   Code   RO          321    .text               c_t.l(_printf_intcommon.o)
    0x00004ff0   0x00004ff0   0x00000030   Code   RO          323    .text               c_t.l(_printf_char_common.o)
    0x00005020   0x00005020   0x0000000a   Code   RO          325    .text               c_t.l(_sputc.o)
    0x0000502a   0x0000502a   0x00000002   PAD
    0x0000502c   0x0000502c   0x00000008   Ven    RO          327    .text               c_t.l(_printf_char.o)
    0x00005034   0x00005034   0x00000032   Code   RO          327    .text               c_t.l(_printf_char.o)
    0x00005066   0x00005066   0x00000002   PAD
    0x00005068   0x00005068   0x00000064   Code   RO          330    .text               c_t.l(rt_memcpy_w.o)
    0x000050cc   0x000050cc   0x00000040   Code   RO          332    .text               c_t.l(rt_memclr.o)
    0x0000510c   0x0000510c   0x00000004   Ven    RO          334    .text               c_t.l(rtudiv10.o)
    0x00005110   0x00005110   0x0000002c   Code   RO          334    .text               c_t.l(rtudiv10.o)
    0x0000513c   0x0000513c   0x00000054   Code   RO          359    .text               c_t.l(rt_memclr_w.o)
    0x00005190   0x00005190   0x00000060   Code   RO          361    .text               c_t.l(sys_stackheap_outer.o)
    0x000051f0   0x000051f0   0x00000014   Code   RO          363    .text               c_t.l(exit.o)
    0x00005204   0x00005204   0x0000000c   Code   RO          375    .text               c_t.l(libspace.o)
    0x00005210   0x00005210   0x00000008   Ven    RO          431    .text               c_t.l(sys_exit.o)
    0x00005218   0x00005218   0x0000000c   Code   RO          431    .text               c_t.l(sys_exit.o)
    0x00005224   0x00005224   0x00000004   Code   RO          450    .text               c_t.l(use_no_semi.o)
    0x00005228   0x00005228   0x00000000   Code   RO          452    .text               c_t.l(indicate_semi.o)
    0x00005228   0x00005228   0x00000024   Code   RO          297    .text_udiv          c_t.l(aeabi_sdiv.o)
    0x0000524c   0x0000524c   0x0000018c   Code   RO          246    PORT_ASM            portasm.o
    0x000053d8   0x000053d8   0x00000002   Code   RO          259    i.__ARM_common_call_via_r1  c_t.l(__printf.o)
    0x000053da   0x000053da   0x00000002   Code   RO          257    i.__ARM_common_call_via_r2  c_t.l(__printf.o)
    0x000053dc   0x000053dc   0x00000020   Data   RO          502    Region$$Table       anon$$obj.o


    Execution Region RW_IRAM1 (Exec base: 0x40000000, Load base: 0x000053fc, Size: 0x00003d28, Max: 0x00004000, ABSOLUTE)

    Exec Addr    Load Addr    Size         Type   Attr      Idx    E Section Name        Object

    0x40000000   0x000053fc   0x0000005c   Data   RW           83    .data               gpio_cfg.o
    0x4000005c   0x00005458   0x00000053   Data   RW           96    .data               main.o
    0x400000af   0x000054ab   0x00000004   Data   RW          147    .data               serial.o
    0x400000b3   0x000054af   0x00000001   PAD
    0x400000b4   0x000054b0   0x00000048   Data   RW          163    .data               tasks.o
    0x400000fc   0x000054f8   0x00000004   Data   RW          217    .data               port.o
    0x40000100   0x000054fc   0x00000018   Data   RW          233    .data               heap_2.o
    0x40000118        -       0x000000c8   Zero   RW          146    .bss                serial.o
    0x400001e0        -       0x000000c8   Zero   RW          162    .bss                tasks.o
    0x400002a8        -       0x00003400   Zero   RW          232    .bss                heap_2.o
    0x400036a8        -       0x00000060   Zero   RW          376    .bss                c_t.l(libspace.o)
    0x40003708        -       0x00000000   Zero   RW            2    HEAP                startup.o
    0x40003708        -       0x00000620   Zero   RW            1    STACK               startup.o


==============================================================================

Image component sizes


      Code (inc. data)   RO Data    RW Data    ZI Data      Debug   Object Name

       624         12          0          0          0       1017   gpio.o
         0          0          0         92          0        959   gpio_cfg.o
       568         24          0         24      13312       3232   heap_2.o
       276          0          0          0          0       1906   list.o
      2096        240          0         83          0      18700   main.o
         0          0          0          0          0       8528   partest.o
       508         36          0          4          0       2883   port.o
       396         24          0          0          0        348   portasm.o
      3376          0          0          0          0      14345   queue.o
       712         36          0          4        200       3582   serial.o
       148         12          0          0          0        260   serialisr.o
       292         60          0          0       1568        580   startup.o
     10224        176          0         72        200      33365   tasks.o

    ----------------------------------------------------------------------
     19220        620         32        280      15280      89705   Object Totals
         0          0         32          0          0          0   (incl. Generated)
         0          0          0          1          0          0   (incl. Padding)

    ----------------------------------------------------------------------

      Code (inc. data)   RO Data    RW Data    ZI Data      Debug   Library Member Name

         8          0          0          0          0         68   __main.o
       122          0          0          0          0        208   __printf.o
         0          0          0          0          0          0   __rtentry.o
        44          4          0          0          0          0   __rtentry2.o
         8          0          0          0          0          0   __rtentry4.o
        60          8          0          0          0          0   __scatter.o
        40          0          0          0          0          0   __scatter_copy.o
        44          0          0          0          0          0   __scatter_zi.o
         8          0          0          0          0          0   _printf_c.o
        58          0          0          0          0        112   _printf_char.o
        48          4          0          0          0         96   _printf_char_common.o
       120         18          0          0          0         88   _printf_dec.o
       186          0          0          0          0         96   _printf_intcommon.o
         4          0          0          0          0          0   _printf_percent.o
         8          0          0          0          0          0   _printf_percent_end.o
        88          0          0          0          0         84   _printf_str.o
         8          0          0          0          0          0   _printf_u.o
        10          0          0          0          0         60   _sputc.o
        16          0          0          0          0         68   aeabi_memset.o
       420          0          0          0          0        148   aeabi_sdiv.o
        20          0          0          0          0         80   exit.o
         6          0          0          0          0        136   heapauxi.o
         0          0          0          0          0          0   indicate_semi.o
        10          0          0          0          0          0   libinit.o
        12          0          0          0          0          0   libinit2.o
        12          0          0          0          0          0   libshutdown.o
         6          0          0          0          0          0   libshutdown2.o
        12          4          0          0         96         68   libspace.o
        48          4          0          0          0         84   noretval__2sprintf.o
        64          0          0          0          0         68   rt_memclr.o
        84          0          0          0          0         80   rt_memclr_w.o
       212          0          0          0          0         68   rt_memcpy.o
       100          0          0          0          0         80   rt_memcpy_w.o
         8          0          0          0          0          0   rtexit.o
        12          0          0          0          0          0   rtexit2.o
        48          0          0          0          0         68   rtudiv10.o
        88          6          0          0          0         76   strcpy.o
        76          4          0          0          0         76   strlen.o
        20          4          0          0          0         60   sys_exit.o
        96          0          0          0          0         80   sys_stackheap_outer.o
         4          0          0          0          0         68   use_no_semi.o

    ----------------------------------------------------------------------
      2248         56          0          0         96       2120   Library Totals
        10          0          0          0          0          0   (incl. Padding)

    ----------------------------------------------------------------------

      Code (inc. data)   RO Data    RW Data    ZI Data      Debug   Library Name

      2238         56          0          0         96       2120   c_t.l

    ----------------------------------------------------------------------
      2248         56          0          0         96       2120   Library Totals

    ----------------------------------------------------------------------

==============================================================================


      Code (inc. data)   RO Data    RW Data    ZI Data      Debug   

     21468        676         32        280      15376      90061   Grand Totals
     21468        676         32        280      15376      90061   ELF Image Totals
     21468        676         32        280          0          0   ROM Totals

==============================================================================

    Total RO  Size (Code + RO Data)                21500 (  21.00kB)
    Total RW  Size (RW Data + ZI Data)             15656 (  15.29kB)
    Total ROM Size (Code + RO Data + RW Data)      21780 (  21.27kB)

==============================================================================

